Component: ARM Compiler 6.16 Tool: armlink [5dfeaa00]

==============================================================================

Loading Objects.

Loading object BUILD/NUCLEO_F103RB/ARMC6/Utilities/DHT11.o.
              definition:  MSF_ERROR_UNKNOW
              definition:  MSG_ERROR_CHECKSUM
              definition:  MSG_ERROR_TIMEOUT
              weak defn :  mbed::DigitalInOut::read()
              reference :  mbed::DigitalInOut::input()
              weak defn :  mbed::DigitalInOut::write(int)
              reference :  mbed::DigitalInOut::output()
              weak defn :  mbed::DigitalInOut::DigitalInOut__sub_object(PinName)
              weak defn :  mbed::DigitalInOut::operator=(int)
              weak defn :  mbed::DigitalInOut::operator int()
              reference :  mbed::Timer::Timer()
              reference :  mbed::TimerBase::reset()
              reference :  mbed::TimerBase::start()
              definition:  DHT11::readRawData(unsigned char*)
              definition:  DHT11::readHumidity()
              definition:  DHT11::getErrorString(int)
              definition:  DHT11::readTemperature()
              definition:  DHT11::readTemperatureHumidity(int&, int&)
              definition:  DHT11::setDelay(unsigned long)
              definition:  DHT11::DHT11(PinName)
              definition:  DHT11::DHT11__sub_object(PinName)
              reference :  mbed::TimerBase::elapsed_time() const
              reference :  __aeabi_ldivmod
              reference :  _wait_us_generic
              weak defn :  _wait_us_inline
              reference :  _wait_us_ticks
              reference :  gpio_init_in
              reference :  thread_sleep_for
Loading object BUILD/NUCLEO_F103RB/ARMC6/Utilities/MFRC522.o.
              weak defn :  mbed::DigitalOut::write(int)
              weak defn :  mbed::DigitalOut::DigitalOut__sub_object(PinName)
              weak defn :  mbed::DigitalOut::operator=(int)
              reference :  mbed::DigitalInOut::input()
              reference :  mbed::DigitalInOut::output()
              reference :  mbed::SPI::write(int)
              reference :  mbed::SPI::format(int, int)
              reference :  mbed::SPI::frequency(int)
              reference :  mbed::SPI::SPI(PinName, PinName, PinName, PinName)
              reference :  mbed::SPI::~SPI()
              reference :  mbed::Timer::Timer()
              reference :  mbed::TimerBase::stop()
              reference :  mbed::TimerBase::start()
              reference :  mbed::TimerBase::~TimerBase__sub_object()
              reference :  rtos::ThisThread::yield()
              definition:  MFRC522::PICC_HaltA()
              definition:  MFRC522::MIFARE_Read(unsigned char, unsigned char*, unsigned char*)
              definition:  MFRC522::PICC_Select(MFRC522::Uid*, unsigned char)
              definition:  MFRC522::MIFARE_Write(unsigned char, unsigned char*, unsigned char)
              definition:  MFRC522::PICC_GetType(unsigned char)
              definition:  MFRC522::PICC_WakeupA(unsigned char*, unsigned char*)
              definition:  MFRC522::MIFARE_SetUid(unsigned char*, unsigned char, bool)
              definition:  MFRC522::PCD_AntennaOn()
              definition:  MFRC522::PICC_RequestA(unsigned char*, unsigned char*)
              definition:  MFRC522::MIFARE_Restore(unsigned char)
              definition:  MFRC522::PCD_AntennaOff()
              definition:  MFRC522::MIFARE_GetValue(unsigned char, int*)
              definition:  MFRC522::MIFARE_SetValue(unsigned char, int)
              definition:  MFRC522::MIFARE_Transfer(unsigned char)
              definition:  MFRC522::PCD_SoftPowerUp()
              definition:  MFRC522::PCD_StopCrypto1()
              definition:  MFRC522::MIFARE_Decrement(unsigned char, int)
              definition:  MFRC522::MIFARE_Increment(unsigned char, int)
              definition:  MFRC522::PCD_Authenticate(unsigned char, unsigned char, MFRC522::MIFARE_Key*, MFRC522::Uid*)
              definition:  MFRC522::PCD_CalculateCRC(unsigned char*, unsigned char, unsigned char*)
              definition:  MFRC522::PCD_NTAG216_AUTH(unsigned char*, unsigned char*)
              definition:  MFRC522::PCD_ReadRegister(MFRC522::PCD_Register)
              definition:  MFRC522::PCD_ReadRegister(MFRC522::PCD_Register, unsigned char, unsigned char*, unsigned char)
              definition:  MFRC522::PICC_GetTypeName(MFRC522::PICC_Type)
              definition:  MFRC522::GetStatusCodeName(MFRC522::StatusCode)
              definition:  MFRC522::PCD_SoftPowerDown()
              definition:  MFRC522::PCD_WriteRegister(MFRC522::PCD_Register, unsigned char)
              definition:  MFRC522::PCD_WriteRegister(MFRC522::PCD_Register, unsigned char, unsigned char*)
              definition:  MFRC522::PICC_DumpToSerial(MFRC522::Uid*)
              definition:  MFRC522::PICC_REQA_or_WUPA(unsigned char, unsigned char*, unsigned char*)
[...]
    0x08006748   0x0000001a   Code   RO         3000    .text._ZN4mbed8internal7OsClock13set_wake_timeENSt3__26chrono10time_pointIS1_NS3_8durationIxNS2_5ratioILx1ELx1000EEEEEEE  BUILD/NUCLEO_F103RB/ARMC6/mbed-os/platform/source/mbed_os_timer.o
    0x08006762   0x00000002   PAD
    0x08006764   0x0000001e   Code   RO         2992    .text._ZN4mbed8internal7OsClock3nowEv  BUILD/NUCLEO_F103RB/ARMC6/mbed-os/platform/source/mbed_os_timer.o
    0x08006782   0x00000002   PAD
    0x08006784   0x00000042   Code   RO         2516    .text._ZN4mbed8internal8SysTimerINSt3__25ratioILx1ELx1000EEELb1EE11cancel_wakeEv  BUILD/NUCLEO_F103RB/ARMC6/mbed-os/platform/source/SysTimer.o
    0x080067c6   0x00000002   PAD
    0x080067c8   0x000000ec   Code   RO         2520    .text._ZN4mbed8internal8SysTimerINSt3__25ratioILx1ELx1000EEELb1EE13set_wake_timeENS2_6chrono10time_pointIS5_NS6_8durationIyS4_EEEE  BUILD/NUCLEO_F103RB/ARMC6/mbed-os/platform/source/SysTimer.o
    0x080068b4   0x00000014   Code   RO         2536    .text._ZN4mbed8internal8SysTimerINSt3__25ratioILx1ELx1000EEELb1EE14_schedule_tickEv  BUILD/NUCLEO_F103RB/ARMC6/mbed-os/platform/source/SysTimer.o
    0x080068c8   0x00000022   Code   RO         2556    .text._ZN4mbed8internal8SysTimerINSt3__25ratioILx1ELx1000EEELb1EE15_increment_tickEv  BUILD/NUCLEO_F103RB/ARMC6/mbed-os/platform/source/SysTimer.o
    0x080068ea   0x00000002   PAD
    0x080068ec   0x00000010   Code   RO         2534    .text._ZN4mbed8internal8SysTimerINSt3__25ratioILx1ELx1000EEELb1EE16_set_irq_pendingEv  BUILD/NUCLEO_F103RB/ARMC6/mbed-os/platform/source/SysTimer.o
    0x080068fc   0x00000070   Code   RO         2522    .text._ZN4mbed8internal8SysTimerINSt3__25ratioILx1ELx1000EEELb1EE19update_and_get_tickEv  BUILD/NUCLEO_F103RB/ARMC6/mbed-os/platform/source/SysTimer.o
    0x0800696c   0x00000042   Code   RO         2554    .text._ZN4mbed8internal8SysTimerINSt3__25ratioILx1ELx1000EEELb1EE7handlerEv  BUILD/NUCLEO_F103RB/ARMC6/mbed-os/platform/source/SysTimer.o
    0x080069ae   0x00000002   PAD
    0x080069b0   0x0000003a   Code   RO         2510    .text._ZN4mbed8internal8SysTimerINSt3__25ratioILx1ELx1000EEELb1EEC2EPK13ticker_data_t  BUILD/NUCLEO_F103RB/ARMC6/mbed-os/platform/source/SysTimer.o
    0x080069ea   0x00000002   PAD
    0x080069ec   0x00000008   Code   RO          210    .text._ZN4mbed9DigitalIn4readEv  BUILD/NUCLEO_F103RB/ARMC6/Utilities/keypad_utilities.o
    0x080069f4   0x0000001e   Code   RO          204    .text._ZN4mbed9DigitalInC2E7PinName  BUILD/NUCLEO_F103RB/ARMC6/Utilities/keypad_utilities.o
    0x08006a12   0x00000002   PAD
    0x08006a14   0x0000001e   Code   RO          383    .text._ZN4mbed9DigitalInC2E7PinName7PinMode  BUILD/NUCLEO_F103RB/ARMC6/keypad.o
    0x08006a32   0x00000002   PAD
    0x08006a34   0x0000000c   Code   RO          829    .text._ZN4mbed9DigitalInD2Ev  BUILD/NUCLEO_F103RB/ARMC6/mbed-os/drivers/source/BusIn.o
    0x08006a40   0x00000040   Code   RO         1678    .text._ZN4mbed9TimerBase4stopEv  BUILD/NUCLEO_F103RB/ARMC6/mbed-os/drivers/source/Timer.o
    0x08006a80   0x0000004c   Code   RO         1668    .text._ZN4mbed9TimerBase5resetEv  BUILD/NUCLEO_F103RB/ARMC6/mbed-os/drivers/source/Timer.o
    0x08006acc   0x0000003a   Code   RO         1676    .text._ZN4mbed9TimerBase5startEv  BUILD/NUCLEO_F103RB/ARMC6/mbed-os/drivers/source/Timer.o
    0x08006b06   0x00000002   PAD
    0x08006b08   0x00000024   Code   RO         1666    .text._ZN4mbed9TimerBaseC2EPK13ticker_data_tb  BUILD/NUCLEO_F103RB/ARMC6/mbed-os/drivers/source/Timer.o
    0x08006b2c   0x00000016   Code   RO         1674    .text._ZN4mbed9TimerBaseD2Ev  BUILD/NUCLEO_F103RB/ARMC6/mbed-os/drivers/source/Timer.o
    0x08006b42   0x00000002   PAD
    0x08006b44   0x00000016   Code   RO          785    .text._ZN4mstd4impl6INVOKEIN4mbed14BufferedSerialEFvvERKPS3_JEEENSt3__29enable_ifIXaaaasr3std11is_functionIT0_EE5valuentsr3std10is_base_ofIT_NS8_5decayIT1_E4typeEEE5valuentsr20is_reference_wrapperISF_EE5valueEDTcldsdeclsr3stdE7forwardISD_Efp0_Efp_spclsr3stdE7forwardIT2_Efp1_EEEE4typeEMSB_SA_OSD_DpOSG_  BUILD/NUCLEO_F103RB/ARMC6/mbed-os/drivers/source/BufferedSerial.o
    0x08006b5a   0x00000002   PAD
    0x08006b5c   0x00000006   Code   RO         3216    .text._ZN4mstd4impl6INVOKEIRFvvEJEEENSt3__29enable_ifIXoontsr3std17is_member_pointerINS4_5decayIT_E4typeEEE5valueaasr3std24is_member_object_pointerIS9_EE5valuenesZfp0_Li1EEDTclclsr3stdE7forwardIS7_Efp_Espclsr3stdE7forwardIT0_Efp0_EEEE4typeEOS7_DpOSA_  BUILD/NUCLEO_F103RB/ARMC6/mbed-os/platform/source/mbed_retarget.o
    0x08006b62   0x00000002   PAD
    0x08006b64   0x00000008   Code   RO          553    .text._ZN4mstd4impl6INVOKEIRPFvvEJEEENSt3__29enable_ifIXoontsr3std17is_member_pointerINS5_5decayIT_E4typeEEE5valueaasr3std24is_member_object_pointerISA_EE5valuenesZfp0_Li1EEDTclclsr3stdE7forwardIS8_Efp_Espclsr3stdE7forwardIT0_Efp0_EEEE4typeEOS8_DpOSB_  BUILD/NUCLEO_F103RB/ARMC6/ldr_fan_control.o
    0x08006b6c   0x00000008   Code   RO          777    .text._ZN4mstd4impl6INVOKEIRZN4mbed8CallbackIFvvEEC1IPNS2_14BufferedSerialEMS7_FvvELi0EEET_T0_EUlvE_JEEENSt3__29enable_ifIXoontsr3std17is_member_pointerINSF_5decayISB_E4typeEEE5valueaasr3std24is_member_object_pointerISJ_EE5valuenesZfp0_Li1EEDTclclsr3stdE7forwardISB_Efp_Espclsr3stdE7forwardIT0_Efp0_EEEE4typeEOSB_DpOSK_  BUILD/NUCLEO_F103RB/ARMC6/mbed-os/drivers/source/BufferedSerial.o
    0x08006b74   0x00000008   Code   RO         3214    .text._ZN4mstd6invokeIRFvvEJEEENS_13invoke_resultIT_JDpT0_EE4typeEOS4_DpOS5_  BUILD/NUCLEO_F103RB/ARMC6/mbed-os/platform/source/mbed_retarget.o
    0x08006b7c   0x00000014   Code   RO          783    .text._ZN4mstd6invokeIRKMN4mbed14BufferedSerialEFvvEJRKPS2_EEENS_13invoke_resultIT_JDpT0_EE4typeEOSB_DpOSC_  BUILD/NUCLEO_F103RB/ARMC6/mbed-os/drivers/source/BufferedSerial.o
    0x08006b90   0x00000008   Code   RO          551    .text._ZN4mstd6invokeIRPFvvEJEEENS_13invoke_resultIT_JDpT0_EE4typeEOS5_DpOS6_  BUILD/NUCLEO_F103RB/ARMC6/ldr_fan_control.o
    0x08006b98   0x00000008   Code   RO          775    .text._ZN4mstd6invokeIRZN4mbed8CallbackIFvvEEC1IPNS1_14BufferedSerialEMS6_FvvELi0EEET_T0_EUlvE_JEEENS_13invoke_resultISA_JDpT0_EE4typeEOSA_DpOSF_  BUILD/NUCLEO_F103RB/ARMC6/mbed-os/drivers/source/BufferedSerial.o
    0x08006ba0   0x0000002a   Code   RO         3210    .text._ZN4mstd9call_onceIRFvvEJEEEvRNS_9once_flagEOT_DpOT0_  BUILD/NUCLEO_F103RB/ARMC6/mbed-os/platform/source/mbed_retarget.o
    0x08006bca   0x00000002   PAD
    0x08006bcc   0x00000004   Code   RO         3489    .text._ZN4rtos10ThisThread5yieldEv  BUILD/NUCLEO_F103RB/ARMC6/mbed-os/rtos/source/ThisThread.o
    0x08006bd0   0x00000008   Code   RO         3483    .text._ZN4rtos10ThisThread9sleep_forENSt3__26chrono8durationIjNS1_5ratioILx1ELx1000EEEEE  BUILD/NUCLEO_F103RB/ARMC6/mbed-os/rtos/source/ThisThread.o
    0x08006bd8   0x00000002   Code   RO          612    .text._ZN4rtos5Mutex4lockEv  BUILD/NUCLEO_F103RB/ARMC6/mbed-os/drivers/source/AnalogIn.o
    0x08006bda   0x00000002   PAD
    0x08006bdc   0x00000002   Code   RO          622    .text._ZN4rtos5Mutex6unlockEv  BUILD/NUCLEO_F103RB/ARMC6/mbed-os/drivers/source/AnalogIn.o
    0x08006bde   0x00000002   PAD
    0x08006be0   0x00000002   Code   RO          618    .text._ZN4rtos5MutexC2Ev  BUILD/NUCLEO_F103RB/ARMC6/mbed-os/drivers/source/AnalogIn.o
    0x08006be2   0x00000002   PAD
    0x08006be4   0x00000002   Code   RO          729    .text._ZN4rtos5MutexD2Ev  BUILD/NUCLEO_F103RB/ARMC6/mbed-os/drivers/source/BufferedSerial.o
    0x08006be6   0x00000002   PAD
    0x08006be8   0x0000016e   Code   RO            8    .text._ZN5DHT1111readRawDataEPh  BUILD/NUCLEO_F103RB/ARMC6/Utilities/DHT11.o
    0x08006d56   0x00000002   PAD
    0x08006d58   0x00000028   Code   RO           14    .text._ZN5DHT1123readTemperatureHumidityERiS0_  BUILD/NUCLEO_F103RB/ARMC6/Utilities/DHT11.o
    0x08006d80   0x0000001c   Code   RO            4    .text._ZN5DHT11C2E7PinName  BUILD/NUCLEO_F103RB/ARMC6/Utilities/DHT11.o
    0x08006d9c   0x00000028   Code   RO         1604    .text._ZN6CThunkIN4mbed10SerialBaseEE10trampolineEP10CThunkBase  BUILD/NUCLEO_F103RB/ARMC6/mbed-os/drivers/source/SerialBase.o
    0x08006dc4   0x0000001e   Code   RO         1602    .text._ZN6CThunkIN4mbed10SerialBaseEE4initEPS1_MS1_FvPvES4_  BUILD/NUCLEO_F103RB/ARMC6/mbed-os/drivers/source/SerialBase.o
    0x08006de2   0x00000002   PAD
    0x08006de4   0x0000001c   Code   RO         1588    .text._ZN6CThunkIN4mbed10SerialBaseEEC2EPS1_  BUILD/NUCLEO_F103RB/ARMC6/mbed-os/drivers/source/SerialBase.o
    0x08006e00   0x00000014   Code   RO         1592    .text._ZN6CThunkIN4mbed10SerialBaseEED2Ev  BUILD/NUCLEO_F103RB/ARMC6/mbed-os/drivers/source/SerialBase.o
    0x08006e14   0x00000028   Code   RO         1472    .text._ZN6CThunkIN4mbed3SPIEE10trampolineEP10CThunkBase  BUILD/NUCLEO_F103RB/ARMC6/mbed-os/drivers/source/SPI.o
    0x08006e3c   0x0000001e   Code   RO         1470    .text._ZN6CThunkIN4mbed3SPIEE4initEPS1_MS1_FvPvES4_  BUILD/NUCLEO_F103RB/ARMC6/mbed-os/drivers/source/SPI.o
    0x08006e5a   0x00000002   PAD
    0x08006e5c   0x0000001c   Code   RO         1434    .text._ZN6CThunkIN4mbed3SPIEEC2EPS1_  BUILD/NUCLEO_F103RB/ARMC6/mbed-os/drivers/source/SPI.o
    0x08006e78   0x00000014   Code   RO         1440    .text._ZN6CThunkIN4mbed3SPIEED2Ev  BUILD/NUCLEO_F103RB/ARMC6/mbed-os/drivers/source/SPI.o
    0x08006e8c   0x00000044   Code   RO          100    .text._ZN7MFRC52210PICC_HaltAEv  BUILD/NUCLEO_F103RB/ARMC6/Utilities/MFRC522.o
    0x08006ed0   0x00000314   Code   RO           98    .text._ZN7MFRC52211PICC_SelectEPNS_3UidEh  BUILD/NUCLEO_F103RB/ARMC6/Utilities/MFRC522.o
    0x080071e4   0x00000022   Code   RO           70    .text._ZN7MFRC52213PCD_AntennaOnEv  BUILD/NUCLEO_F103RB/ARMC6/Utilities/MFRC522.o
    0x08007206   0x00000002   PAD
    0x08007208   0x0000000e   Code   RO           92    .text._ZN7MFRC52213PICC_RequestAEPhS0_  BUILD/NUCLEO_F103RB/ARMC6/Utilities/MFRC522.o
    0x08007216   0x00000002   PAD
    0x08007218   0x0000000c   Code   RO          104    .text._ZN7MFRC52215PCD_StopCrypto1Ev  BUILD/NUCLEO_F103RB/ARMC6/Utilities/MFRC522.o
    0x08007224   0x000000c0   Code   RO           64    .text._ZN7MFRC52216PCD_CalculateCRCEPhhS0_  BUILD/NUCLEO_F103RB/ARMC6/Utilities/MFRC522.o
    0x080072e4   0x0000006e   Code   RO           56    .text._ZN7MFRC52216PCD_ReadRegisterENS_12PCD_RegisterE  BUILD/NUCLEO_F103RB/ARMC6/Utilities/MFRC522.o
    0x08007352   0x00000002   PAD
    0x08007354   0x000000d0   Code   RO           58    .text._ZN7MFRC52216PCD_ReadRegisterENS_12PCD_RegisterEhPhh  BUILD/NUCLEO_F103RB/ARMC6/Utilities/MFRC522.o
    0x08007424   0x0000006c   Code   RO           52    .text._ZN7MFRC52217PCD_WriteRegisterENS_12PCD_RegisterEh  BUILD/NUCLEO_F103RB/ARMC6/Utilities/MFRC522.o
    0x08007490   0x0000007e   Code   RO           54    .text._ZN7MFRC52217PCD_WriteRegisterENS_12PCD_RegisterEhPh  BUILD/NUCLEO_F103RB/ARMC6/Utilities/MFRC522.o
    0x0800750e   0x00000002   PAD
    0x08007510   0x00000062   Code   RO           94    .text._ZN7MFRC52217PICC_REQA_or_WUPAEhPhS0_  BUILD/NUCLEO_F103RB/ARMC6/Utilities/MFRC522.o
    0x08007572   0x00000002   PAD
    0x08007574   0x00000028   Code   RO           88    .text._ZN7MFRC52218PCD_TransceiveDataEPhhS0_S0_S0_hb  BUILD/NUCLEO_F103RB/ARMC6/Utilities/MFRC522.o
    0x0800759c   0x00000016   Code   RO          158    .text._ZN7MFRC52219PICC_ReadCardSerialEv  BUILD/NUCLEO_F103RB/ARMC6/Utilities/MFRC522.o
    0x080075b2   0x00000002   PAD
    0x080075b4   0x00000046   Code   RO          156    .text._ZN7MFRC52221PICC_IsNewCardPresentEv  BUILD/NUCLEO_F103RB/ARMC6/Utilities/MFRC522.o
    0x080075fa   0x00000002   PAD
    0x080075fc   0x0000001a   Code   RO           60    .text._ZN7MFRC52222PCD_SetRegisterBitMaskENS_12PCD_RegisterEh  BUILD/NUCLEO_F103RB/ARMC6/Utilities/MFRC522.o
    0x08007616   0x00000002   PAD
    0x08007618   0x000001f2   Code   RO           90    .text._ZN7MFRC52223PCD_CommunicateWithPICCEhhPhhS0_S0_S0_hb  BUILD/NUCLEO_F103RB/ARMC6/Utilities/MFRC522.o
    0x0800780a   0x00000002   PAD
    0x0800780c   0x0000001a   Code   RO           62    .text._ZN7MFRC52224PCD_ClearRegisterBitMaskENS_12PCD_RegisterEh  BUILD/NUCLEO_F103RB/ARMC6/Utilities/MFRC522.o
    0x08007826   0x00000002   PAD
    0x08007828   0x000000d0   Code   RO           66    .text._ZN7MFRC5228PCD_InitEv  BUILD/NUCLEO_F103RB/ARMC6/Utilities/MFRC522.o
    0x080078f8   0x00000030   Code   RO           68    .text._ZN7MFRC5229PCD_ResetEv  BUILD/NUCLEO_F103RB/ARMC6/Utilities/MFRC522.o
    0x08007928   0x00000012   Code   RO           48    .text._ZN7MFRC522C2E7PinNameS0_  BUILD/NUCLEO_F103RB/ARMC6/Utilities/MFRC522.o
    0x0800793a   0x00000002   PAD
    0x0800793c   0x00000044   Code   RO         1438    .text._ZNK12SingletonPtrIN4mbed14CircularBufferINS0_11TransactionINS0_3SPIEEELj2EjEEE3getEv  BUILD/NUCLEO_F103RB/ARMC6/mbed-os/drivers/source/SPI.o
    0x08007980   0x00000044   Code   RO         1480    .text._ZNK12SingletonPtrIN4rtos5MutexEE3getEv  BUILD/NUCLEO_F103RB/ARMC6/mbed-os/drivers/source/SPI.o
    0x080079c4   0x00000008   Code   RO          610    .text._ZNK12SingletonPtrIN4rtos5MutexEEptEv  BUILD/NUCLEO_F103RB/ARMC6/mbed-os/drivers/source/AnalogIn.o
    0x080079cc   0x00000004   Code   RO         1805    .text._ZNK4mbed10FileHandle11is_blockingEv  BUILD/NUCLEO_F103RB/ARMC6/mbed-os/drivers/source/UnbufferedSerial.o
    0x080079d0   0x00000004   Code   RO         2394    .text._ZNK4mbed10FileHandle4pollEs  BUILD/NUCLEO_F103RB/ARMC6/mbed-os/platform/source/FileHandle.o
    0x080079d4   0x00000010   Code   RO         2273    .text._ZNK4mbed10FileHandle8readableEv  BUILD/NUCLEO_F103RB/ARMC6/mbed-os/platform/source/ATCmdParser.o
    0x080079e4   0x00000006   Code   RO          753    .text._ZNK4mbed14BufferedSerial11is_blockingEv  BUILD/NUCLEO_F103RB/ARMC6/mbed-os/drivers/source/BufferedSerial.o
    0x080079ea   0x00000002   PAD
    0x080079ec   0x00000018   Code   RO          697    .text._ZNK4mbed14BufferedSerial3hupEv  BUILD/NUCLEO_F103RB/ARMC6/mbed-os/drivers/source/BufferedSerial.o
    0x08007a04   0x00000030   Code   RO          679    .text._ZNK4mbed14BufferedSerial4pollEs  BUILD/NUCLEO_F103RB/ARMC6/mbed-os/drivers/source/BufferedSerial.o
    0x08007a34   0x00000016   Code   RO          787    .text._ZNK4mbed14CircularBufferIcLj256EjE18non_critical_emptyEv  BUILD/NUCLEO_F103RB/ARMC6/mbed-os/drivers/source/BufferedSerial.o
    0x08007a4a   0x00000002   PAD
    0x08007a4c   0x00000006   Code   RO          743    .text._ZNK4mbed14CircularBufferIcLj256EjE4fullEv  BUILD/NUCLEO_F103RB/ARMC6/mbed-os/drivers/source/BufferedSerial.o
    0x08007a52   0x00000002   PAD
    0x08007a54   0x00000018   Code   RO          737    .text._ZNK4mbed14CircularBufferIcLj256EjE5emptyEv  BUILD/NUCLEO_F103RB/ARMC6/mbed-os/drivers/source/BufferedSerial.o
    0x08007a6c   0x00000012   Code   RO         1640    .text._ZNK4mbed15TickerDataClock3nowEv  BUILD/NUCLEO_F103RB/ARMC6/mbed-os/drivers/source/Ticker.o
    0x08007a7e   0x00000002   PAD
    0x08007a80   0x00000004   Code   RO         2526    .text._ZNK4mbed15TickerDataClockptEv  BUILD/NUCLEO_F103RB/ARMC6/mbed-os/platform/source/SysTimer.o
    0x08007a84   0x00000004   Code   RO          793    .text._ZNK4mbed6detail12CallbackBase7call_fnEv  BUILD/NUCLEO_F103RB/ARMC6/mbed-os/drivers/source/BufferedSerial.o
    0x08007a88   0x00000004   Code   RO          789    .text._ZNK4mbed6detail12CallbackBase7controlEv  BUILD/NUCLEO_F103RB/ARMC6/mbed-os/drivers/source/BufferedSerial.o
    0x08007a8c   0x00000034   Code   RO         1590    .text._ZNK4mbed8CallbackIFvvEE4callEv  BUILD/NUCLEO_F103RB/ARMC6/mbed-os/drivers/source/SerialBase.o
    0x08007ac0   0x00000008   Code   RO          741    .text._ZNK4mbed8CallbackIFvvEEclEv  BUILD/NUCLEO_F103RB/ARMC6/mbed-os/drivers/source/BufferedSerial.o
    0x08007ac8   0x00000010   Code   RO          739    .text._ZNK4mbed8CallbackIFvvEEcvbEv  BUILD/NUCLEO_F103RB/ARMC6/mbed-os/drivers/source/BufferedSerial.o
    0x08007ad8   0x00000010   Code   RO         1816    .text._ZNK4mbed8Watchdog15get_max_timeoutEv  BUILD/NUCLEO_F103RB/ARMC6/mbed-os/drivers/source/Watchdog.o
    0x08007ae8   0x00000022   Code   RO         2994    .text._ZNK4mbed8internal18timed_predicate_op14wake_conditionEv  BUILD/NUCLEO_F103RB/ARMC6/mbed-os/platform/source/mbed_os_timer.o
    0x08007b0a   0x00000002   PAD
    0x08007b0c   0x00000006   Code   RO         2530    .text._ZNK4mbed8internal8SysTimerINSt3__25ratioILx1ELx1000EEELb1EE13wake_time_setEv  BUILD/NUCLEO_F103RB/ARMC6/mbed-os/platform/source/SysTimer.o
    0x08007b12   0x00000002   PAD
    0x08007b14   0x00000066   Code   RO         2548    .text._ZNK4mbed8internal8SysTimerINSt3__25ratioILx1ELx1000EEELb1EE14_elapsed_ticksEv  BUILD/NUCLEO_F103RB/ARMC6/mbed-os/platform/source/SysTimer.o
    0x08007b7a   0x00000002   PAD
    0x08007b7c   0x00000006   Code   RO         2528    .text._ZNK4mbed8internal8SysTimerINSt3__25ratioILx1ELx1000EEELb1EE16wake_time_passedEv  BUILD/NUCLEO_F103RB/ARMC6/mbed-os/platform/source/SysTimer.o
    0x08007b82   0x00000002   PAD
    0x08007b84   0x00000012   Code   RO         2524    .text._ZNK4mbed8internal8SysTimerINSt3__25ratioILx1ELx1000EEELb1EE8get_tickEv  BUILD/NUCLEO_F103RB/ARMC6/mbed-os/platform/source/SysTimer.o
    0x08007b96   0x00000002   PAD
    0x08007b98   0x00000032   Code   RO         1684    .text._ZNK4mbed9TimerBase12elapsed_timeEv  BUILD/NUCLEO_F103RB/ARMC6/mbed-os/drivers/source/Timer.o
    0x08007bca   0x00000002   PAD
    0x08007bcc   0x0000003e   Code   RO         1680    .text._ZNK4mbed9TimerBase9slicetimeEv  BUILD/NUCLEO_F103RB/ARMC6/mbed-os/drivers/source/Timer.o
    0x08007c0a   0x00000002   PAD
    0x08007c0c   0x00000006   Code   RO          478    .text._ZNSt3__28literals15chrono_literalsli1sEy  BUILD/NUCLEO_F103RB/ARMC6/keypad_display.o
    0x08007c12   0x00000002   PAD
    0x08007c14   0x00000006   Code   RO          321    .text._ZNSt3__28literals15chrono_literalsli2msEy  BUILD/NUCLEO_F103RB/ARMC6/door_control.o
    0x08007c1a   0x00000002   PAD
    0x08007c1c   0x0000000c   Code   RO          709    .text._ZThn228_N4mbed14BufferedSerial12enable_inputEb  BUILD/NUCLEO_F103RB/ARMC6/mbed-os/drivers/source/BufferedSerial.o
    0x08007c28   0x00000006   Code   RO          761    .text._ZThn228_N4mbed14BufferedSerial12set_blockingEb  BUILD/NUCLEO_F103RB/ARMC6/mbed-os/drivers/source/BufferedSerial.o
    0x08007c2e   0x00000002   PAD
    0x08007c30   0x0000000c   Code   RO          713    .text._ZThn228_N4mbed14BufferedSerial13enable_outputEb  BUILD/NUCLEO_F103RB/ARMC6/mbed-os/drivers/source/BufferedSerial.o
    0x08007c3c   0x00000006   Code   RO          695    .text._ZThn228_N4mbed14BufferedSerial4readEPvj  BUILD/NUCLEO_F103RB/ARMC6/mbed-os/drivers/source/BufferedSerial.o
    0x08007c42   0x00000002   PAD
    0x08007c44   0x0000000a   Code   RO          671    .text._ZThn228_N4mbed14BufferedSerial4seekEli  BUILD/NUCLEO_F103RB/ARMC6/mbed-os/drivers/source/BufferedSerial.o
    0x08007c4e   0x00000002   PAD
    0x08007c50   0x0000000c   Code   RO          675    .text._ZThn228_N4mbed14BufferedSerial4syncEv  BUILD/NUCLEO_F103RB/ARMC6/mbed-os/drivers/source/BufferedSerial.o
    0x08007c5c   0x00000004   Code   RO          663    .text._ZThn228_N4mbed14BufferedSerial5closeEv  BUILD/NUCLEO_F103RB/ARMC6/mbed-os/drivers/source/BufferedSerial.o
    0x08007c60   0x00000016   Code   RO          681    .text._ZThn228_N4mbed14BufferedSerial5sigioENS_8CallbackIFvvEEE  BUILD/NUCLEO_F103RB/ARMC6/mbed-os/drivers/source/BufferedSerial.o
    0x08007c76   0x00000002   PAD
    0x08007c78   0x00000006   Code   RO          691    .text._ZThn228_N4mbed14BufferedSerial5writeEPKvj  BUILD/NUCLEO_F103RB/ARMC6/mbed-os/drivers/source/BufferedSerial.o
    0x08007c7e   0x00000002   PAD
    0x08007c80   0x00000004   Code   RO          667    .text._ZThn228_N4mbed14BufferedSerial6isattyEv  BUILD/NUCLEO_F103RB/ARMC6/mbed-os/drivers/source/BufferedSerial.o
    0x08007c84   0x00000006   Code   RO          643    .text._ZThn228_N4mbed14BufferedSerialD0Ev  BUILD/NUCLEO_F103RB/ARMC6/mbed-os/drivers/source/BufferedSerial.o
    0x08007c8a   0x00000002   PAD
    0x08007c8c   0x00000006   Code   RO          639    .text._ZThn228_N4mbed14BufferedSerialD1Ev  BUILD/NUCLEO_F103RB/ARMC6/mbed-os/drivers/source/BufferedSerial.o
    0x08007c92   0x00000002   PAD
    0x08007c94   0x00000006   Code   RO          763    .text._ZThn228_NK4mbed14BufferedSerial11is_blockingEv  BUILD/NUCLEO_F103RB/ARMC6/mbed-os/drivers/source/BufferedSerial.o
    0x08007c9a   0x00000002   PAD
    0x08007c9c   0x00000008   Code   RO          699    .text._ZThn228_NK4mbed14BufferedSerial4pollEs  BUILD/NUCLEO_F103RB/ARMC6/mbed-os/drivers/source/BufferedSerial.o
    0x08007ca4   0x0000000c   Code   RO          779    .text._ZZN4mbed8CallbackIFvvEEC1IPNS_14BufferedSerialEMS4_FvvELi0EEET_T0_ENKUlvE_clEv  BUILD/NUCLEO_F103RB/ARMC6/mbed-os/drivers/source/BufferedSerial.o
    0x08007cb0   0x00000008   Code   RO         3152    .text._ZdlPv        BUILD/NUCLEO_F103RB/ARMC6/mbed-os/platform/source/mbed_retarget.o
    0x08007cb8   0x0000004c   Code   RO         3144    .text._Znwj         BUILD/NUCLEO_F103RB/ARMC6/mbed-os/platform/source/mbed_retarget.o
    0x08007d04   0x00000020   Code   RO         6785    .text.__NVIC_ClearPendingIRQ  BUILD/NUCLEO_F103RB/ARMC6/mbed-os/targets/TARGET_STM/gpio_irq_api.o
    0x08007d24   0x00000028   Code   RO         6581    .text.__NVIC_DisableIRQ  BUILD/NUCLEO_F103RB/ARMC6/mbed-os/targets/TARGET_STM/TARGET_STM32F1/serial_device.o
    0x08007d4c   0x00000028   Code   RO         6783    .text.__NVIC_DisableIRQ  BUILD/NUCLEO_F103RB/ARMC6/mbed-os/targets/TARGET_STM/gpio_irq_api.o
    0x08007d74   0x00000020   Code   RO         6579    .text.__NVIC_EnableIRQ  BUILD/NUCLEO_F103RB/ARMC6/mbed-os/targets/TARGET_STM/TARGET_STM32F1/serial_device.o
    0x08007d94   0x00000020   Code   RO         6779    .text.__NVIC_EnableIRQ  BUILD/NUCLEO_F103RB/ARMC6/mbed-os/targets/TARGET_STM/gpio_irq_api.o
    0x08007db4   0x00000010   Code   RO         7273    .text.__NVIC_EnableIRQ  BUILD/NUCLEO_F103RB/ARMC6/mbed-os/targets/TARGET_STM/us_ticker.o
    0x08007dc4   0x00000020   Code   RO         4249    .text.__NVIC_SetPriorityGrouping  BUILD/NUCLEO_F103RB/ARMC6/mbed-os/targets/TARGET_STM/TARGET_STM32F1/STM32Cube_FW/STM32F1xx_HAL_Driver/stm32f1xx_hal_cortex.o
    0x08007de4   0x00000014   Code   RO         6577    .text.__NVIC_SetVector  BUILD/NUCLEO_F103RB/ARMC6/mbed-os/targets/TARGET_STM/TARGET_STM32F1/serial_device.o
    0x08007df8   0x00000012   Code   RO         6759    .text.__NVIC_SetVector  BUILD/NUCLEO_F103RB/ARMC6/mbed-os/targets/TARGET_STM/gpio_irq_api.o
    0x08007e0a   0x00000002   PAD
    0x08007e0c   0x00000018   Code   RO         7271    .text.__NVIC_SetVector  BUILD/NUCLEO_F103RB/ARMC6/mbed-os/targets/TARGET_STM/us_ticker.o
    0x08007e24   0x0000005c   Code   RO         3138    .text.__cxa_guard_acquire  BUILD/NUCLEO_F103RB/ARMC6/mbed-os/platform/source/mbed_retarget.o
    0x08007e80   0x00000032   Code   RO         3140    .text.__cxa_guard_release  BUILD/NUCLEO_F103RB/ARMC6/mbed-os/platform/source/mbed_retarget.o
    0x08007eb2   0x00000002   PAD
    0x08007eb4   0x00000028   Code   RO         7569    .text.__cxa_pure_virtual  c:\Users\meena\AppData\Local\Mbed Studio\mbed-studio-tools\ac6\bin\..\lib\libcxx\libcppabi_w.l(cxa_virtual.cpp.o)
    0x08007edc   0x00000040   Code   RO          184    .text.__cxx_global_var_init  BUILD/NUCLEO_F103RB/ARMC6/Utilities/keypad_utilities.o
    0x08007f1c   0x00000016   Code   RO          213    .text.__cxx_global_var_init  BUILD/NUCLEO_F103RB/ARMC6/Utilities/lcd_utilities.o
    0x08007f32   0x00000002   PAD
    0x08007f34   0x00000012   Code   RO          252    .text.__cxx_global_var_init  BUILD/NUCLEO_F103RB/ARMC6/Utilities/music_utilities.o
    0x08007f46   0x00000002   PAD
    0x08007f48   0x00000012   Code   RO          294    .text.__cxx_global_var_init  BUILD/NUCLEO_F103RB/ARMC6/door_control.o
    0x08007f5a   0x00000002   PAD
    0x08007f5c   0x00000012   Code   RO          324    .text.__cxx_global_var_init  BUILD/NUCLEO_F103RB/ARMC6/environment.o
    0x08007f6e   0x00000002   PAD
    0x08007f70   0x00000014   Code   RO          347    .text.__cxx_global_var_init  BUILD/NUCLEO_F103RB/ARMC6/keypad.o
    0x08007f84   0x00000010   Code   RO          386    .text.__cxx_global_var_init  BUILD/NUCLEO_F103RB/ARMC6/keypad_display.o
    0x08007f94   0x00000012   Code   RO          481    .text.__cxx_global_var_init  BUILD/NUCLEO_F103RB/ARMC6/ldr_fan_control.o
    0x08007fa6   0x00000002   PAD
    0x08007fa8   0x00000018   Code   RO          556    .text.__cxx_global_var_init  BUILD/NUCLEO_F103RB/ARMC6/main.o
    0x08007fc0   0x00000018   Code   RO         7329    .text.__cxx_global_var_init  BUILD/NUCLEO_F103RB/ARMC6/moistre_control.o
    0x08007fd8   0x00000014   Code   RO         7422    .text.__cxx_global_var_init  BUILD/NUCLEO_F103RB/ARMC6/rfid_admin.o
    0x08007fec   0x00000018   Code   RO         7455    .text.__cxx_global_var_init  BUILD/NUCLEO_F103RB/ARMC6/wifi.o
    0x08008004   0x00000012   Code   RO          186    .text.__cxx_global_var_init.1  BUILD/NUCLEO_F103RB/ARMC6/Utilities/keypad_utilities.o
    0x08008016   0x00000002   PAD
    0x08008018   0x00000012   Code   RO          215    .text.__cxx_global_var_init.1  BUILD/NUCLEO_F103RB/ARMC6/Utilities/lcd_utilities.o
    0x0800802a   0x00000002   PAD
    0x0800802c   0x00000010   Code   RO          326    .text.__cxx_global_var_init.1  BUILD/NUCLEO_F103RB/ARMC6/environment.o
    0x0800803c   0x00000014   Code   RO          349    .text.__cxx_global_var_init.1  BUILD/NUCLEO_F103RB/ARMC6/keypad.o
    0x08008050   0x00000010   Code   RO          388    .text.__cxx_global_var_init.1  BUILD/NUCLEO_F103RB/ARMC6/keypad_display.o
    0x08008060   0x00000018   Code   RO          483    .text.__cxx_global_var_init.1  BUILD/NUCLEO_F103RB/ARMC6/ldr_fan_control.o
    0x08008078   0x00000012   Code   RO         7331    .text.__cxx_global_var_init.1  BUILD/NUCLEO_F103RB/ARMC6/moistre_control.o
    0x0800808a   0x00000002   PAD
    0x0800808c   0x00000010   Code   RO         7424    .text.__cxx_global_var_init.1  BUILD/NUCLEO_F103RB/ARMC6/rfid_admin.o
    0x0800809c   0x00000010   Code   RO         7457    .text.__cxx_global_var_init.1  BUILD/NUCLEO_F103RB/ARMC6/wifi.o
    0x080080ac   0x00000010   Code   RO          501    .text.__cxx_global_var_init.10  BUILD/NUCLEO_F103RB/ARMC6/ldr_fan_control.o
    0x080080bc   0x00000012   Code   RO          217    .text.__cxx_global_var_init.2  BUILD/NUCLEO_F103RB/ARMC6/Utilities/lcd_utilities.o
    0x080080ce   0x00000002   PAD
    0x080080d0   0x00000014   Code   RO          351    .text.__cxx_global_var_init.2  BUILD/NUCLEO_F103RB/ARMC6/keypad.o
    0x080080e4   0x00000010   Code   RO          390    .text.__cxx_global_var_init.2  BUILD/NUCLEO_F103RB/ARMC6/keypad_display.o
    0x080080f4   0x00000012   Code   RO          485    .text.__cxx_global_var_init.2  BUILD/NUCLEO_F103RB/ARMC6/ldr_fan_control.o
    0x08008106   0x00000002   PAD
    0x08008108   0x00000012   Code   RO         7333    .text.__cxx_global_var_init.2  BUILD/NUCLEO_F103RB/ARMC6/moistre_control.o
    0x0800811a   0x00000002   PAD
    0x0800811c   0x00000012   Code   RO          219    .text.__cxx_global_var_init.3  BUILD/NUCLEO_F103RB/ARMC6/Utilities/lcd_utilities.o
    0x0800812e   0x00000002   PAD
    0x08008130   0x00000014   Code   RO          353    .text.__cxx_global_var_init.3  BUILD/NUCLEO_F103RB/ARMC6/keypad.o
    0x08008144   0x00000010   Code   RO          392    .text.__cxx_global_var_init.3  BUILD/NUCLEO_F103RB/ARMC6/keypad_display.o
    0x08008154   0x00000012   Code   RO          487    .text.__cxx_global_var_init.3  BUILD/NUCLEO_F103RB/ARMC6/ldr_fan_control.o
    0x08008166   0x00000002   PAD
    0x08008168   0x00000012   Code   RO         7335    .text.__cxx_global_var_init.3  BUILD/NUCLEO_F103RB/ARMC6/moistre_control.o
    0x0800817a   0x00000002   PAD
    0x0800817c   0x00000014   Code   RO          355    .text.__cxx_global_var_init.4  BUILD/NUCLEO_F103RB/ARMC6/keypad.o
    0x08008190   0x00000012   Code   RO          489    .text.__cxx_global_var_init.4  BUILD/NUCLEO_F103RB/ARMC6/ldr_fan_control.o
    0x080081a2   0x00000002   PAD
    0x080081a4   0x00000012   Code   RO         7337    .text.__cxx_global_var_init.4  BUILD/NUCLEO_F103RB/ARMC6/moistre_control.o
    0x080081b6   0x00000002   PAD
    0x080081b8   0x00000010   Code   RO          357    .text.__cxx_global_var_init.5  BUILD/NUCLEO_F103RB/ARMC6/keypad.o
    0x080081c8   0x00000012   Code   RO          491    .text.__cxx_global_var_init.5  BUILD/NUCLEO_F103RB/ARMC6/ldr_fan_control.o
    0x080081da   0x00000002   PAD
    0x080081dc   0x00000010   Code   RO         7339    .text.__cxx_global_var_init.5  BUILD/NUCLEO_F103RB/ARMC6/moistre_control.o
    0x080081ec   0x00000012   Code   RO          493    .text.__cxx_global_var_init.6  BUILD/NUCLEO_F103RB/ARMC6/ldr_fan_control.o
    0x080081fe   0x00000002   PAD
    0x08008200   0x00000010   Code   RO         7341    .text.__cxx_global_var_init.6  BUILD/NUCLEO_F103RB/ARMC6/moistre_control.o
    0x08008210   0x00000010   Code   RO          495    .text.__cxx_global_var_init.7  BUILD/NUCLEO_F103RB/ARMC6/ldr_fan_control.o
    0x08008220   0x00000010   Code   RO         7343    .text.__cxx_global_var_init.7  BUILD/NUCLEO_F103RB/ARMC6/moistre_control.o
    0x08008230   0x00000010   Code   RO          497    .text.__cxx_global_var_init.8  BUILD/NUCLEO_F103RB/ARMC6/ldr_fan_control.o
    0x08008240   0x00000010   Code   RO         7345    .text.__cxx_global_var_init.8  BUILD/NUCLEO_F103RB/ARMC6/moistre_control.o
    0x08008250   0x00000010   Code   RO          499    .text.__cxx_global_var_init.9  BUILD/NUCLEO_F103RB/ARMC6/ldr_fan_control.o
    0x08008260   0x00000010   Code   RO         7347    .text.__cxx_global_var_init.9  BUILD/NUCLEO_F103RB/ARMC6/moistre_control.o
    0x08008270   0x00000008   Code   RO         3098    .text.__user_setup_stackheap  BUILD/NUCLEO_F103RB/ARMC6/mbed-os/platform/source/mbed_retarget.o
    0x08008278   0x00000024   Code   RO         1969    .text._gpio_init_in  BUILD/NUCLEO_F103RB/ARMC6/mbed-os/hal/source/mbed_gpio.o
    0x0800829c   0x00000030   Code   RO         1975    .text._gpio_init_out  BUILD/NUCLEO_F103RB/ARMC6/mbed-os/hal/source/mbed_gpio.o
    0x080082cc   0x00000032   Code   RO         3096    .text._mbed_user_setup_stackheap  BUILD/NUCLEO_F103RB/ARMC6/mbed-os/platform/source/mbed_retarget.o
    0x080082fe   0x00000002   PAD
    0x08008300   0x00000008   Code   RO         3256    .text._platform_post_stackheap_init  BUILD/NUCLEO_F103RB/ARMC6/mbed-os/platform/source/mbed_sdk_boot.o
    0x08008308   0x0000014c   Code   RO         6990    .text._pwmout_init_direct  BUILD/NUCLEO_F103RB/ARMC6/mbed-os/targets/TARGET_STM/pwmout_api.o
    0x08008454   0x00000004   Code   RO         3166    .text._scanf_mbtowc  BUILD/NUCLEO_F103RB/ARMC6/mbed-os/platform/source/mbed_retarget.o
    0x08008458   0x00000168   Code   RO         7064    .text._serial_init_direct  BUILD/NUCLEO_F103RB/ARMC6/mbed-os/targets/TARGET_STM/serial_api.o
    0x080085c0   0x00000174   Code   RO         7143    .text._spi_init_direct  BUILD/NUCLEO_F103RB/ARMC6/mbed-os/targets/TARGET_STM/stm_spi_api.o
    0x08008734   0x00000028   Code   RO         3064    .text._sys_open     BUILD/NUCLEO_F103RB/ARMC6/mbed-os/platform/source/mbed_retarget.o
    0x0800875c   0x00000006   Code   RO         3090    .text._sys_seek     BUILD/NUCLEO_F103RB/ARMC6/mbed-os/platform/source/mbed_retarget.o
    0x08008762   0x00000002   PAD
    0x08008764   0x000000fc   Code   RO         3068    .text._sys_write    BUILD/NUCLEO_F103RB/ARMC6/mbed-os/platform/source/mbed_retarget.o
    0x08008860   0x00000030   Code   RO         2063    .text._ticker_match_interval_passed  BUILD/NUCLEO_F103RB/ARMC6/mbed-os/hal/source/mbed_ticker_api.o
    0x08008890   0x0000001e   Code   RO         3311    .text._wait_us_generic  BUILD/NUCLEO_F103RB/ARMC6/mbed-os/platform/source/mbed_wait_api_no_rtos.o
    0x080088ae   0x00000002   PAD
    0x080088b0   0x00000016   Code   RO         3307    .text._wait_us_inline  BUILD/NUCLEO_F103RB/ARMC6/mbed-os/platform/source/mbed_wait_api_no_rtos.o
    0x080088c6   0x00000002   PAD
    0x080088c8   0x00000018   Code   RO         3309    .text._wait_us_ticks  BUILD/NUCLEO_F103RB/ARMC6/mbed-os/platform/source/mbed_wait_api_no_rtos.o
    0x080088e0   0x00000004   Code   RO         7980    .text.abort_message  c:\Users\meena\AppData\Local\Mbed Studio\mbed-studio-tools\ac6\bin\..\lib\libcxx\libcppabi_w.l(abort_message.cpp.o)
    0x080088e4   0x000000ca   Code   RO         6513    .text.adc_read      BUILD/NUCLEO_F103RB/ARMC6/mbed-os/targets/TARGET_STM/TARGET_STM32F1/analogin_device.o
    0x080089ae   0x00000002   PAD
    0x080089b0   0x00000002   Code   RO         1922    .text.analogin_free  BUILD/NUCLEO_F103RB/ARMC6/mbed-os/hal/source/mbed_compat.o
    0x080089b2   0x00000002   PAD
    0x080089b4   0x00000158   Code   RO         6511    .text.analogin_init  BUILD/NUCLEO_F103RB/ARMC6/mbed-os/targets/TARGET_STM/TARGET_STM32F1/analogin_device.o
    0x08008b0c   0x00000018   Code   RO         6647    .text.analogin_read  BUILD/NUCLEO_F103RB/ARMC6/mbed-os/targets/TARGET_STM/analogin_api.o
    0x08008b24   0x00000012   Code   RO         6645    .text.analogin_read_u16  BUILD/NUCLEO_F103RB/ARMC6/mbed-os/targets/TARGET_STM/analogin_api.o
    0x08008b36   0x00000002   PAD
    0x08008b38   0x0000000c   Code   RO         1938    .text.are_interrupts_enabled  BUILD/NUCLEO_F103RB/ARMC6/mbed-os/hal/source/mbed_critical_section_api.o
    0x08008b44   0x00000002   Code   RO         2119    .text.block_us_ticker_free  BUILD/NUCLEO_F103RB/ARMC6/mbed-os/hal/source/mbed_us_ticker_api.o
    0x08008b46   0x00000002   PAD
    0x08008b48   0x00000144   Code   RO         6696    .text.can_irq       BUILD/NUCLEO_F103RB/ARMC6/mbed-os/targets/TARGET_STM/can_api.o
    0x08008c8c   0x0000006c   Code   RO         2103    .text.compute_tick_round_up  BUILD/NUCLEO_F103RB/ARMC6/mbed-os/hal/source/mbed_ticker_api.o
    0x08008cf8   0x0000000c   Code   RO         2826    .text.core_util_are_interrupts_enabled  BUILD/NUCLEO_F103RB/ARMC6/mbed-os/platform/source/mbed_critical.o
    0x08008d04   0x00000012   Code   RO         2721    .text.core_util_atomic_decr_u16  BUILD/NUCLEO_F103RB/ARMC6/mbed-os/platform/source/mbed_atomic_impl.o
    0x08008d16   0x00000002   PAD
    0x08008d18   0x00000010   Code   RO         2707    .text.core_util_atomic_exchange_u8  BUILD/NUCLEO_F103RB/ARMC6/mbed-os/platform/source/mbed_atomic_impl.o
    0x08008d28   0x00000016   Code   RO         2705    .text.core_util_atomic_flag_test_and_set  BUILD/NUCLEO_F103RB/ARMC6/mbed-os/platform/source/mbed_atomic_impl.o
    0x08008d3e   0x00000002   PAD
    0x08008d40   0x00000012   Code   RO         2715    .text.core_util_atomic_incr_u16  BUILD/NUCLEO_F103RB/ARMC6/mbed-os/platform/source/mbed_atomic_impl.o
    0x08008d52   0x00000002   PAD
    0x08008d54   0x00000014   Code   RO         2767    .text.core_util_atomic_load_u64  BUILD/NUCLEO_F103RB/ARMC6/mbed-os/platform/source/mbed_atomic_impl.o
    0x08008d68   0x00000088   Code   RO         2832    .text.core_util_critical_section_enter  BUILD/NUCLEO_F103RB/ARMC6/mbed-os/platform/source/mbed_critical.o
    0x08008df0   0x0000001e   Code   RO         2834    .text.core_util_critical_section_exit  BUILD/NUCLEO_F103RB/ARMC6/mbed-os/platform/source/mbed_critical.o
    0x08008e0e   0x00000002   PAD
    0x08008e10   0x00000008   Code   RO         2830    .text.core_util_in_critical_section  BUILD/NUCLEO_F103RB/ARMC6/mbed-os/platform/source/mbed_critical.o
    0x08008e18   0x0000000c   Code   RO         2828    .text.core_util_is_isr_active  BUILD/NUCLEO_F103RB/ARMC6/mbed-os/platform/source/mbed_critical.o
    0x08008e24   0x00000014   Code   RO         7161    .text.datasize_to_transfer_bitshift  BUILD/NUCLEO_F103RB/ARMC6/mbed-os/targets/TARGET_STM/stm_spi_api.o
    0x08008e38   0x00000054   Code   RO         7072    .text.debug         BUILD/NUCLEO_F103RB/ARMC6/mbed-os/targets/TARGET_STM/serial_api.o
    0x08008e8c   0x00000064   Code   RO         7149    .text.debug         BUILD/NUCLEO_F103RB/ARMC6/mbed-os/targets/TARGET_STM/stm_spi_api.o
    0x08008ef0   0x00000064   Code   RO         2845    .text.error         BUILD/NUCLEO_F103RB/ARMC6/mbed-os/platform/source/mbed_error.o
    0x08008f54   0x00000018   Code   RO         2101    .text.exact_log2    BUILD/NUCLEO_F103RB/ARMC6/mbed-os/hal/source/mbed_ticker_api.o
    0x08008f6c   0x00000022   Code   RO         3110    .text.exit          BUILD/NUCLEO_F103RB/ARMC6/mbed-os/platform/source/mbed_retarget.o
    0x08008f8e   0x00000002   PAD
    0x08008f90   0x0000001a   Code   RO         2099    .text.gcd           BUILD/NUCLEO_F103RB/ARMC6/mbed-os/hal/source/mbed_ticker_api.o
    0x08008faa   0x00000002   PAD
    0x08008fac   0x00000038   Code   RO         7092    .text.get_uart_index  BUILD/NUCLEO_F103RB/ARMC6/mbed-os/targets/TARGET_STM/serial_api.o
    0x08008fe4   0x0000000a   Code   RO         2113    .text.get_us_ticker_data  BUILD/NUCLEO_F103RB/ARMC6/mbed-os/hal/source/mbed_us_ticker_api.o
    0x08008fee   0x00000002   PAD
    0x08008ff0   0x00000018   Code   RO         6731    .text.gpio_dir      BUILD/NUCLEO_F103RB/ARMC6/mbed-os/targets/TARGET_STM/gpio_api.o
    0x08009008   0x00000002   Code   RO         1918    .text.gpio_free     BUILD/NUCLEO_F103RB/ARMC6/mbed-os/hal/source/mbed_compat.o
    0x0800900a   0x00000002   PAD
    0x0800900c   0x0000004a   Code   RO         6727    .text.gpio_init     BUILD/NUCLEO_F103RB/ARMC6/mbed-os/targets/TARGET_STM/gpio_api.o
    0x08009056   0x00000002   PAD
    0x08009058   0x0000000a   Code   RO         1965    .text.gpio_init_in  BUILD/NUCLEO_F103RB/ARMC6/mbed-os/hal/source/mbed_gpio.o
    0x08009062   0x00000002   PAD
    0x08009064   0x00000008   Code   RO         1967    .text.gpio_init_in_ex  BUILD/NUCLEO_F103RB/ARMC6/mbed-os/hal/source/mbed_gpio.o
    0x0800906c   0x0000000a   Code   RO         1971    .text.gpio_init_out  BUILD/NUCLEO_F103RB/ARMC6/mbed-os/hal/source/mbed_gpio.o
    0x08009076   0x00000002   PAD
    0x08009078   0x0000000c   Code   RO         1973    .text.gpio_init_out_ex  BUILD/NUCLEO_F103RB/ARMC6/mbed-os/hal/source/mbed_gpio.o
    0x08009084   0x0000000c   Code   RO         6745    .text.gpio_irq0     BUILD/NUCLEO_F103RB/ARMC6/mbed-os/targets/TARGET_STM/gpio_irq_api.o
    0x08009090   0x0000000c   Code   RO         6747    .text.gpio_irq1     BUILD/NUCLEO_F103RB/ARMC6/mbed-os/targets/TARGET_STM/gpio_irq_api.o
    0x0800909c   0x0000000c   Code   RO         6749    .text.gpio_irq2     BUILD/NUCLEO_F103RB/ARMC6/mbed-os/targets/TARGET_STM/gpio_irq_api.o
    0x080090a8   0x0000000c   Code   RO         6751    .text.gpio_irq3     BUILD/NUCLEO_F103RB/ARMC6/mbed-os/targets/TARGET_STM/gpio_irq_api.o
    0x080090b4   0x0000000c   Code   RO         6753    .text.gpio_irq4     BUILD/NUCLEO_F103RB/ARMC6/mbed-os/targets/TARGET_STM/gpio_irq_api.o
    0x080090c0   0x0000000c   Code   RO         6755    .text.gpio_irq5     BUILD/NUCLEO_F103RB/ARMC6/mbed-os/targets/TARGET_STM/gpio_irq_api.o
    0x080090cc   0x0000000c   Code   RO         6757    .text.gpio_irq6     BUILD/NUCLEO_F103RB/ARMC6/mbed-os/targets/TARGET_STM/gpio_irq_api.o
    0x080090d8   0x0000008e   Code   RO         6765    .text.gpio_irq_disable  BUILD/NUCLEO_F103RB/ARMC6/mbed-os/targets/TARGET_STM/gpio_irq_api.o
    0x08009166   0x00000002   PAD
    0x08009168   0x00000076   Code   RO         6761    .text.gpio_irq_enable  BUILD/NUCLEO_F103RB/ARMC6/mbed-os/targets/TARGET_STM/gpio_irq_api.o
    0x080091de   0x00000002   PAD
    0x080091e0   0x00000072   Code   RO         6763    .text.gpio_irq_free  BUILD/NUCLEO_F103RB/ARMC6/mbed-os/targets/TARGET_STM/gpio_irq_api.o
    0x08009252   0x00000002   PAD
    0x08009254   0x00000198   Code   RO         6743    .text.gpio_irq_init  BUILD/NUCLEO_F103RB/ARMC6/mbed-os/targets/TARGET_STM/gpio_irq_api.o
    0x080093ec   0x00000066   Code   RO         6767    .text.gpio_irq_set  BUILD/NUCLEO_F103RB/ARMC6/mbed-os/targets/TARGET_STM/gpio_irq_api.o
    0x08009452   0x00000002   PAD
    0x08009454   0x0000000c   Code   RO         6729    .text.gpio_mode     BUILD/NUCLEO_F103RB/ARMC6/mbed-os/targets/TARGET_STM/gpio_api.o
    0x08009460   0x00000068   Code   RO         6725    .text.gpio_set      BUILD/NUCLEO_F103RB/ARMC6/mbed-os/targets/TARGET_STM/gpio_api.o
    0x080094c8   0x00000010   Code   RO         1963    .text.gpio_write    BUILD/NUCLEO_F103RB/ARMC6/mbed-os/hal/source/mbed_gpio.o
    0x080094d8   0x00000010   Code   RO         2807    .text.gpio_write    BUILD/NUCLEO_F103RB/ARMC6/mbed-os/platform/source/mbed_board.o
    0x080094e8   0x00000028   Code   RO         1936    .text.hal_critical_section_enter  BUILD/NUCLEO_F103RB/ARMC6/mbed-os/hal/source/mbed_critical_section_api.o
    0x08009510   0x00000088   Code   RO         1940    .text.hal_critical_section_exit  BUILD/NUCLEO_F103RB/ARMC6/mbed-os/hal/source/mbed_critical_section_api.o
    0x08009598   0x0000000c   Code   RO         1942    .text.hal_in_critical_section  BUILD/NUCLEO_F103RB/ARMC6/mbed-os/hal/source/mbed_critical_section_api.o
    0x080095a4   0x0000001c   Code   RO         7111    .text.hal_sleep     BUILD/NUCLEO_F103RB/ARMC6/mbed-os/targets/TARGET_STM/sleep.o
    0x080095c0   0x00000018   Code   RO         7318    .text.hal_watchdog_get_platform_features  BUILD/NUCLEO_F103RB/ARMC6/mbed-os/targets/TARGET_STM/watchdog_api.o
    0x080095d8   0x00000070   Code   RO         7308    .text.hal_watchdog_init  BUILD/NUCLEO_F103RB/ARMC6/mbed-os/targets/TARGET_STM/watchdog_api.o
    0x08009648   0x00000010   Code   RO         7312    .text.hal_watchdog_kick  BUILD/NUCLEO_F103RB/ARMC6/mbed-os/targets/TARGET_STM/watchdog_api.o
    0x08009658   0x000000e8   Code   RO         2847    .text.handle_error  BUILD/NUCLEO_F103RB/ARMC6/mbed-os/platform/source/mbed_error.o
    0x08009740   0x000000f4   Code   RO         6787    .text.handle_interrupt_in  BUILD/NUCLEO_F103RB/ARMC6/mbed-os/targets/TARGET_STM/gpio_irq_api.o
    0x08009834   0x0000009c   Code   RO         7269    .text.init_16bit_timer  BUILD/NUCLEO_F103RB/ARMC6/mbed-os/targets/TARGET_STM/us_ticker.o
    0x080098d0   0x00000050   Code   RO         7135    .text.init_spi      BUILD/NUCLEO_F103RB/ARMC6/mbed-os/targets/TARGET_STM/stm_spi_api.o
    0x08009920   0x00000064   Code   RO         7070    .text.init_uart     BUILD/NUCLEO_F103RB/ARMC6/mbed-os/targets/TARGET_STM/serial_api.o
    0x08009984   0x00000150   Code   RO         2067    .text.initialize    BUILD/NUCLEO_F103RB/ARMC6/mbed-os/hal/source/mbed_ticker_api.o
    0x08009ad4   0x0000006a   Code   RO         2081    .text.insert_event  BUILD/NUCLEO_F103RB/ARMC6/mbed-os/hal/source/mbed_ticker_api.o
    0x08009b3e   0x00000002   PAD
    0x08009b40   0x000000e8   Code   RO          560    .text.main          BUILD/NUCLEO_F103RB/ARMC6/main.o
    0x08009c28   0x0000001a   Code   RO         2696    .text.mbed_assert_internal  BUILD/NUCLEO_F103RB/ARMC6/mbed-os/platform/source/mbed_assert.o
    0x08009c42   0x00000002   PAD
    0x08009c44   0x0000002c   Code   RO         3248    .text.mbed_copy_nvic  BUILD/NUCLEO_F103RB/ARMC6/mbed-os/platform/source/mbed_sdk_boot.o
    0x08009c70   0x0000006c   Code   RO         2809    .text.mbed_die      BUILD/NUCLEO_F103RB/ARMC6/mbed-os/platform/source/mbed_board.o
    0x08009cdc   0x00000036   Code   RO         2869    .text.mbed_error    BUILD/NUCLEO_F103RB/ARMC6/mbed-os/platform/source/mbed_error.o
    0x08009d12   0x00000002   PAD
    0x08009d14   0x00000002   Code   RO         2853    .text.mbed_error_hook  BUILD/NUCLEO_F103RB/ARMC6/mbed-os/platform/source/mbed_error.o
    0x08009d16   0x00000002   PAD
    0x08009d18   0x00000004   Code   RO         2857    .text.mbed_error_initialize  BUILD/NUCLEO_F103RB/ARMC6/mbed-os/platform/source/mbed_error.o
    0x08009d1c   0x00000014   Code   RO         2887    .text.mbed_error_is_hw_fault  BUILD/NUCLEO_F103RB/ARMC6/mbed-os/platform/source/mbed_error.o
    0x08009d30   0x00000020   Code   RO         2811    .text.mbed_error_printf  BUILD/NUCLEO_F103RB/ARMC6/mbed-os/platform/source/mbed_board.o
    0x08009d50   0x00000052   Code   RO         2815    .text.mbed_error_puts  BUILD/NUCLEO_F103RB/ARMC6/mbed-os/platform/source/mbed_board.o
    0x08009da2   0x00000002   PAD
    0x08009da4   0x00000034   Code   RO         2813    .text.mbed_error_vprintf  BUILD/NUCLEO_F103RB/ARMC6/mbed-os/platform/source/mbed_board.o
    0x08009dd8   0x000000f8   Code   RO         2656    .text.mbed_fault_handler  BUILD/NUCLEO_F103RB/ARMC6/mbed-os/platform/source/TARGET_CORTEX_M/mbed_fault_handler.o
    0x08009ed0   0x00000038   Code   RO         2851    .text.mbed_halt_system  BUILD/NUCLEO_F103RB/ARMC6/mbed-os/platform/source/mbed_error.o
    0x08009f08   0x00000020   Code   RO         3250    .text.mbed_init     BUILD/NUCLEO_F103RB/ARMC6/mbed-os/platform/source/mbed_sdk_boot.o
    0x08009f28   0x00000002   Code   RO         3242    .text.mbed_main     BUILD/NUCLEO_F103RB/ARMC6/mbed-os/platform/source/mbed_sdk_boot.o
    0x08009f2a   0x00000002   PAD
    0x08009f2c   0x00000024   Code   RO         6926    .text.mbed_sdk_init  BUILD/NUCLEO_F103RB/ARMC6/mbed-os/targets/TARGET_STM/mbed_overrides.o
    0x08009f50   0x00000008   Code   RO         3254    .text.mbed_toolchain_init  BUILD/NUCLEO_F103RB/ARMC6/mbed-os/platform/source/mbed_sdk_boot.o
    0x08009f58   0x0000000a   Code   RO         7239    .text.msp_busy      BUILD/NUCLEO_F103RB/ARMC6/mbed-os/targets/TARGET_STM/stm_spi_api.o
    0x08009f62   0x00000002   PAD
    0x08009f64   0x00000014   Code   RO         7169    .text.msp_read_data  BUILD/NUCLEO_F103RB/ARMC6/mbed-os/targets/TARGET_STM/stm_spi_api.o
    0x08009f78   0x0000000a   Code   RO         7247    .text.msp_readable  BUILD/NUCLEO_F103RB/ARMC6/mbed-os/targets/TARGET_STM/stm_spi_api.o
    0x08009f82   0x00000002   PAD
    0x08009f84   0x00000010   Code   RO         7237    .text.msp_wait_not_busy  BUILD/NUCLEO_F103RB/ARMC6/mbed-os/targets/TARGET_STM/stm_spi_api.o
    0x08009f94   0x00000010   Code   RO         7167    .text.msp_wait_readable  BUILD/NUCLEO_F103RB/ARMC6/mbed-os/targets/TARGET_STM/stm_spi_api.o
    0x08009fa4   0x00000010   Code   RO         7163    .text.msp_wait_writable  BUILD/NUCLEO_F103RB/ARMC6/mbed-os/targets/TARGET_STM/stm_spi_api.o
    0x08009fb4   0x0000000a   Code   RO         7243    .text.msp_writable  BUILD/NUCLEO_F103RB/ARMC6/mbed-os/targets/TARGET_STM/stm_spi_api.o
    0x08009fbe   0x00000002   PAD
    0x08009fc0   0x00000018   Code   RO         7165    .text.msp_write_data  BUILD/NUCLEO_F103RB/ARMC6/mbed-os/targets/TARGET_STM/stm_spi_api.o
    0x08009fd8   0x00000030   Code   RO         7310    .text.pick_min_iwdg_pr  BUILD/NUCLEO_F103RB/ARMC6/mbed-os/targets/TARGET_STM/watchdog_api.o
    0x0800a008   0x000000d0   Code   RO         6937    .text.pin_function  BUILD/NUCLEO_F103RB/ARMC6/mbed-os/targets/TARGET_STM/pinmap.o
    0x0800a0d8   0x00000080   Code   RO         6951    .text.pin_mode      BUILD/NUCLEO_F103RB/ARMC6/mbed-os/targets/TARGET_STM/pinmap.o
    0x0800a158   0x00000026   Code   RO         2015    .text.pinmap_find_function  BUILD/NUCLEO_F103RB/ARMC6/mbed-os/hal/source/mbed_pinmap_common.o
    0x0800a17e   0x00000002   PAD
    0x0800a180   0x00000028   Code   RO         2011    .text.pinmap_find_peripheral  BUILD/NUCLEO_F103RB/ARMC6/mbed-os/hal/source/mbed_pinmap_common.o
    0x0800a1a8   0x0000005c   Code   RO         2017    .text.pinmap_function  BUILD/NUCLEO_F103RB/ARMC6/mbed-os/hal/source/mbed_pinmap_common.o
    0x0800a204   0x00000048   Code   RO         2009    .text.pinmap_merge  BUILD/NUCLEO_F103RB/ARMC6/mbed-os/hal/source/mbed_pinmap_common.o
    0x0800a24c   0x0000005c   Code   RO         2013    .text.pinmap_peripheral  BUILD/NUCLEO_F103RB/ARMC6/mbed-os/hal/source/mbed_pinmap_common.o
    0x0800a2a8   0x00000068   Code   RO         2007    .text.pinmap_pinout  BUILD/NUCLEO_F103RB/ARMC6/mbed-os/hal/source/mbed_pinmap_common.o
    0x0800a310   0x0000003e   Code   RO         6970    .text.port_dir      BUILD/NUCLEO_F103RB/ARMC6/mbed-os/targets/TARGET_STM/port_api.o
    0x0800a34e   0x00000002   PAD
    0x0800a350   0x0000002e   Code   RO         6968    .text.port_init     BUILD/NUCLEO_F103RB/ARMC6/mbed-os/targets/TARGET_STM/port_api.o
    0x0800a37e   0x00000002   PAD
    0x0800a380   0x00000008   Code   RO         6966    .text.port_pin      BUILD/NUCLEO_F103RB/ARMC6/mbed-os/targets/TARGET_STM/port_api.o
    0x0800a388   0x00000010   Code   RO         6974    .text.port_write    BUILD/NUCLEO_F103RB/ARMC6/mbed-os/targets/TARGET_STM/port_api.o
    0x0800a398   0x00000164   Code   RO         2658    .text.print_context_info  BUILD/NUCLEO_F103RB/ARMC6/mbed-os/platform/source/TARGET_CORTEX_M/mbed_fault_handler.o
    0x0800a4fc   0x000001ac   Code   RO         2849    .text.print_error_report  BUILD/NUCLEO_F103RB/ARMC6/mbed-os/platform/source/mbed_error.o
    0x0800a6a8   0x00000036   Code   RO         6988    .text.pwmout_init   BUILD/NUCLEO_F103RB/ARMC6/mbed-os/targets/TARGET_STM/pwmout_api.o
    0x0800a6de   0x00000002   PAD
    0x0800a6e0   0x0000000e   Code   RO         7004    .text.pwmout_period_ms  BUILD/NUCLEO_F103RB/ARMC6/mbed-os/targets/TARGET_STM/pwmout_api.o
    0x0800a6ee   0x00000002   PAD
    0x0800a6f0   0x00000138   Code   RO         7002    .text.pwmout_period_us  BUILD/NUCLEO_F103RB/ARMC6/mbed-os/targets/TARGET_STM/pwmout_api.o
    0x0800a828   0x00000026   Code   RO         7010    .text.pwmout_pulsewidth_us  BUILD/NUCLEO_F103RB/ARMC6/mbed-os/targets/TARGET_STM/pwmout_api.o
    0x0800a84e   0x00000002   PAD
    0x0800a850   0x00000038   Code   RO         6998    .text.pwmout_read   BUILD/NUCLEO_F103RB/ARMC6/mbed-os/targets/TARGET_STM/pwmout_api.o
    0x0800a888   0x00000134   Code   RO         6994    .text.pwmout_write  BUILD/NUCLEO_F103RB/ARMC6/mbed-os/targets/TARGET_STM/pwmout_api.o
    0x0800a9bc   0x000000d4   Code   RO         2075    .text.schedule_interrupt  BUILD/NUCLEO_F103RB/ARMC6/mbed-os/hal/source/mbed_ticker_api.o
    0x0800aa90   0x00000018   Code   RO         7068    .text.serial_baud   BUILD/NUCLEO_F103RB/ARMC6/mbed-os/targets/TARGET_STM/serial_api.o
    0x0800aaa8   0x000000ee   Code   RO         7066    .text.serial_free   BUILD/NUCLEO_F103RB/ARMC6/mbed-os/targets/TARGET_STM/serial_api.o
    0x0800ab96   0x00000002   PAD
    0x0800ab98   0x00000030   Code   RO         6583    .text.serial_getc   BUILD/NUCLEO_F103RB/ARMC6/mbed-os/targets/TARGET_STM/TARGET_STM32F1/serial_device.o
    0x0800abc8   0x000000d8   Code   RO         7062    .text.serial_init   BUILD/NUCLEO_F103RB/ARMC6/mbed-os/targets/TARGET_STM/serial_api.o
    0x0800aca0   0x00000012   Code   RO         2143    .text.serial_init_direct  BUILD/NUCLEO_F103RB/ARMC6/mbed-os/hal/source/static_pinmap.o
    0x0800acb2   0x00000002   PAD
    0x0800acb4   0x0000001a   Code   RO         6567    .text.serial_irq_handler  BUILD/NUCLEO_F103RB/ARMC6/mbed-os/targets/TARGET_STM/TARGET_STM32F1/serial_device.o
    0x0800acce   0x00000002   PAD
    0x0800acd0   0x000000be   Code   RO         6569    .text.serial_irq_set  BUILD/NUCLEO_F103RB/ARMC6/mbed-os/targets/TARGET_STM/TARGET_STM32F1/serial_device.o
    0x0800ad8e   0x00000002   PAD
    0x0800ad90   0x00000032   Code   RO         6585    .text.serial_putc   BUILD/NUCLEO_F103RB/ARMC6/mbed-os/targets/TARGET_STM/TARGET_STM32F1/serial_device.o
    0x0800adc2   0x00000002   PAD
    0x0800adc4   0x0000002e   Code   RO         7084    .text.serial_readable  BUILD/NUCLEO_F103RB/ARMC6/mbed-os/targets/TARGET_STM/serial_api.o
    0x0800adf2   0x00000002   PAD
    0x0800adf4   0x00000016   Code   RO         7086    .text.serial_writable  BUILD/NUCLEO_F103RB/ARMC6/mbed-os/targets/TARGET_STM/serial_api.o
    0x0800ae0a   0x00000002   PAD
    0x0800ae0c   0x00000006   Code   RO         2069    .text.set_handler   BUILD/NUCLEO_F103RB/ARMC6/mbed-os/hal/source/mbed_ticker_api.o
    0x0800ae12   0x00000002   PAD
    0x0800ae14   0x00000058   Code   RO         3027    .text.sleep_manager_lock_deep_sleep_internal  BUILD/NUCLEO_F103RB/ARMC6/mbed-os/platform/source/mbed_power_mgmt.o
    0x0800ae6c   0x00000010   Code   RO         3035    .text.sleep_manager_sleep_auto  BUILD/NUCLEO_F103RB/ARMC6/mbed-os/platform/source/mbed_power_mgmt.o
    0x0800ae7c   0x00000058   Code   RO         3029    .text.sleep_manager_unlock_deep_sleep_internal  BUILD/NUCLEO_F103RB/ARMC6/mbed-os/platform/source/mbed_power_mgmt.o
    0x0800aed4   0x0000000a   Code   RO         7137    .text.spi_flush_rx  BUILD/NUCLEO_F103RB/ARMC6/mbed-os/targets/TARGET_STM/stm_spi_api.o
    0x0800aede   0x00000002   PAD
    0x0800aee0   0x00000098   Code   RO         7147    .text.spi_format    BUILD/NUCLEO_F103RB/ARMC6/mbed-os/targets/TARGET_STM/stm_spi_api.o
    0x0800af78   0x00000050   Code   RO         7155    .text.spi_frequency  BUILD/NUCLEO_F103RB/ARMC6/mbed-os/targets/TARGET_STM/stm_spi_api.o
    0x0800afc8   0x0000004c   Code   RO         7151    .text.spi_get_baudrate  BUILD/NUCLEO_F103RB/ARMC6/mbed-os/targets/TARGET_STM/stm_spi_api.o
    0x0800b014   0x0000003e   Code   RO         7153    .text.spi_get_baudrate_prescaler_rank  BUILD/NUCLEO_F103RB/ARMC6/mbed-os/targets/TARGET_STM/stm_spi_api.o
    0x0800b052   0x00000002   PAD
    0x0800b054   0x0000004c   Code   RO         6635    .text.spi_get_clock_freq  BUILD/NUCLEO_F103RB/ARMC6/mbed-os/targets/TARGET_STM/TARGET_STM32F1/spi_api.o
    0x0800b0a0   0x00000060   Code   RO         7139    .text.spi_get_peripheral_name  BUILD/NUCLEO_F103RB/ARMC6/mbed-os/targets/TARGET_STM/stm_spi_api.o
    0x0800b100   0x0000000a   Code   RO         7173    .text.spi_get_word_from_buffer  BUILD/NUCLEO_F103RB/ARMC6/mbed-os/targets/TARGET_STM/stm_spi_api.o
    0x0800b10a   0x00000002   PAD
    0x0800b10c   0x000000dc   Code   RO         7141    .text.spi_init      BUILD/NUCLEO_F103RB/ARMC6/mbed-os/targets/TARGET_STM/stm_spi_api.o
    0x0800b1e8   0x00000144   Code   RO         7171    .text.spi_master_block_write  BUILD/NUCLEO_F103RB/ARMC6/mbed-os/targets/TARGET_STM/stm_spi_api.o
    0x0800b32c   0x00000102   Code   RO         7159    .text.spi_master_one_wire_transfer  BUILD/NUCLEO_F103RB/ARMC6/mbed-os/targets/TARGET_STM/stm_spi_api.o
    0x0800b42e   0x00000002   PAD
    0x0800b430   0x00000078   Code   RO         7157    .text.spi_master_write  BUILD/NUCLEO_F103RB/ARMC6/mbed-os/targets/TARGET_STM/stm_spi_api.o
    0x0800b4a8   0x0000000a   Code   RO         7175    .text.spi_put_word_to_buffer  BUILD/NUCLEO_F103RB/ARMC6/mbed-os/targets/TARGET_STM/stm_spi_api.o
    0x0800b4b2   0x00000002   PAD
    0x0800b4b4   0x00000060   Code   RO         6949    .text.stm_pin_DisconnectDebug  BUILD/NUCLEO_F103RB/ARMC6/mbed-os/targets/TARGET_STM/pinmap.o
    0x0800b514   0x0000005a   Code   RO         6947    .text.stm_pin_PullConfig  BUILD/NUCLEO_F103RB/ARMC6/mbed-os/targets/TARGET_STM/pinmap.o
    0x0800b56e   0x00000002   PAD
    0x0800b570   0x0000016a   Code   RO         6941    .text.stm_pin_SetAFPin  BUILD/NUCLEO_F103RB/ARMC6/mbed-os/targets/TARGET_STM/pinmap.o
    0x0800b6da   0x00000002   PAD
    0x0800b6dc   0x0000000c   Code   RO         3293    .text.thread_sleep_for  BUILD/NUCLEO_F103RB/ARMC6/mbed-os/platform/source/mbed_thread.o
    0x0800b6e8   0x00000036   Code   RO         2083    .text.ticker_insert_event_us  BUILD/NUCLEO_F103RB/ARMC6/mbed-os/hal/source/mbed_ticker_api.o
    0x0800b71e   0x00000002   PAD
    0x0800b720   0x0000006a   Code   RO         2071    .text.ticker_irq_handler  BUILD/NUCLEO_F103RB/ARMC6/mbed-os/hal/source/mbed_ticker_api.o
    0x0800b78a   0x00000002   PAD
    0x0800b78c   0x00000008   Code   RO         2087    .text.ticker_read   BUILD/NUCLEO_F103RB/ARMC6/mbed-os/hal/source/mbed_ticker_api.o
    0x0800b794   0x00000022   Code   RO         2089    .text.ticker_read_us  BUILD/NUCLEO_F103RB/ARMC6/mbed-os/hal/source/mbed_ticker_api.o
    0x0800b7b6   0x00000002   PAD
    0x0800b7b8   0x00000038   Code   RO         2085    .text.ticker_remove_event  BUILD/NUCLEO_F103RB/ARMC6/mbed-os/hal/source/mbed_ticker_api.o
    0x0800b7f0   0x0000001c   Code   RO         2065    .text.ticker_set_handler  BUILD/NUCLEO_F103RB/ARMC6/mbed-os/hal/source/mbed_ticker_api.o
    0x0800b80c   0x00000036   Code   RO         7267    .text.timer_irq_handler  BUILD/NUCLEO_F103RB/ARMC6/mbed-os/targets/TARGET_STM/us_ticker.o
    0x0800b842   0x00000002   PAD
    0x0800b844   0x00000010   Code   RO         6571    .text.uart1_irq     BUILD/NUCLEO_F103RB/ARMC6/mbed-os/targets/TARGET_STM/TARGET_STM32F1/serial_device.o
    0x0800b854   0x00000010   Code   RO         6573    .text.uart2_irq     BUILD/NUCLEO_F103RB/ARMC6/mbed-os/targets/TARGET_STM/TARGET_STM32F1/serial_device.o
    0x0800b864   0x00000010   Code   RO         6575    .text.uart3_irq     BUILD/NUCLEO_F103RB/ARMC6/mbed-os/targets/TARGET_STM/TARGET_STM32F1/serial_device.o
    0x0800b874   0x00000084   Code   RO         6621    .text.uart_irq      BUILD/NUCLEO_F103RB/ARMC6/mbed-os/targets/TARGET_STM/TARGET_STM32F1/serial_device.o
    0x0800b8f8   0x00000088   Code   RO         2073    .text.update_present_time  BUILD/NUCLEO_F103RB/ARMC6/mbed-os/hal/source/mbed_ticker_api.o
    0x0800b980   0x00000012   Code   RO         7287    .text.us_ticker_clear_interrupt  BUILD/NUCLEO_F103RB/ARMC6/mbed-os/targets/TARGET_STM/us_ticker.o
    0x0800b992   0x00000002   PAD
    0x0800b994   0x00000014   Code   RO         7285    .text.us_ticker_disable_interrupt  BUILD/NUCLEO_F103RB/ARMC6/mbed-os/targets/TARGET_STM/us_ticker.o
    0x0800b9a8   0x00000022   Code   RO         7281    .text.us_ticker_fire_interrupt  BUILD/NUCLEO_F103RB/ARMC6/mbed-os/targets/TARGET_STM/us_ticker.o
    0x0800b9ca   0x00000002   PAD
    0x0800b9cc   0x0000000a   Code   RO         7265    .text.us_ticker_get_info  BUILD/NUCLEO_F103RB/ARMC6/mbed-os/targets/TARGET_STM/us_ticker.o
    0x0800b9d6   0x00000002   PAD
    0x0800b9d8   0x0000001c   Code   RO         7275    .text.us_ticker_init  BUILD/NUCLEO_F103RB/ARMC6/mbed-os/targets/TARGET_STM/us_ticker.o
    0x0800b9f4   0x0000001e   Code   RO         2117    .text.us_ticker_irq_handler  BUILD/NUCLEO_F103RB/ARMC6/mbed-os/hal/source/mbed_us_ticker_api.o
    0x0800ba12   0x00000002   PAD
    0x0800ba14   0x0000000c   Code   RO         7277    .text.us_ticker_read  BUILD/NUCLEO_F103RB/ARMC6/mbed-os/targets/TARGET_STM/us_ticker.o
    0x0800ba20   0x0000001c   Code   RO         7279    .text.us_ticker_set_interrupt  BUILD/NUCLEO_F103RB/ARMC6/mbed-os/targets/TARGET_STM/us_ticker.o
    0x0800ba3c   0x00000038   Code   RO         3313    .text.wait_ns       BUILD/NUCLEO_F103RB/ARMC6/mbed-os/platform/source/mbed_wait_api_no_rtos.o
    0x0800ba74   0x0000003c   Code   RO         3070    .text.write         BUILD/NUCLEO_F103RB/ARMC6/mbed-os/platform/source/mbed_retarget.o
    0x0800bab0   0x00000020   Code   RO         7862    i.__0printf         c:\Users\meena\AppData\Local\Mbed Studio\mbed-studio-tools\ac6\bin\..\lib\armlib\mc_w.l(printfa.o)
    0x0800bad0   0x00000034   Code   RO         7863    i.__0snprintf       c:\Users\meena\AppData\Local\Mbed Studio\mbed-studio-tools\ac6\bin\..\lib\armlib\mc_w.l(printfa.o)
    0x0800bb04   0x00000028   Code   RO         7864    i.__0sprintf        c:\Users\meena\AppData\Local\Mbed Studio\mbed-studio-tools\ac6\bin\..\lib\armlib\mc_w.l(printfa.o)
    0x0800bb2c   0x00000018   Code   RO         7865    i.__0vfprintf       c:\Users\meena\AppData\Local\Mbed Studio\mbed-studio-tools\ac6\bin\..\lib\armlib\mc_w.l(printfa.o)
    0x0800bb44   0x00000034   Code   RO         7867    i.__0vsnprintf      c:\Users\meena\AppData\Local\Mbed Studio\mbed-studio-tools\ac6\bin\..\lib\armlib\mc_w.l(printfa.o)
    0x0800bb78   0x00000008   Code   RO         7918    i.__aeabi_errno_addr  c:\Users\meena\AppData\Local\Mbed Studio\mbed-studio-tools\ac6\bin\..\lib\armlib\mc_w.l(errno.o)
    0x0800bb80   0x000000a0   Code   RO         7902    i.__aligned_malloc$2region  c:\Users\meena\AppData\Local\Mbed Studio\mbed-studio-tools\ac6\bin\..\lib\armlib\mc_w.l(malloca2.o)
    0x0800bc20   0x00000050   Code   RO         7903    i.__free$memalign$2region  c:\Users\meena\AppData\Local\Mbed Studio\mbed-studio-tools\ac6\bin\..\lib\armlib\mc_w.l(malloca2.o)
    0x0800bc70   0x00000006   Code   RO         7904    i.__malloc$memalign$2region  c:\Users\meena\AppData\Local\Mbed Studio\mbed-studio-tools\ac6\bin\..\lib\armlib\mc_w.l(malloca2.o)
    0x0800bc76   0x0000000e   Code   RO         8075    i.__scatterload_copy  c:\Users\meena\AppData\Local\Mbed Studio\mbed-studio-tools\ac6\bin\..\lib\armlib\mc_w.l(handlers.o)
    0x0800bc84   0x00000002   Code   RO         8076    i.__scatterload_null  c:\Users\meena\AppData\Local\Mbed Studio\mbed-studio-tools\ac6\bin\..\lib\armlib\mc_w.l(handlers.o)
    0x0800bc86   0x0000000e   Code   RO         8077    i.__scatterload_zeroinit  c:\Users\meena\AppData\Local\Mbed Studio\mbed-studio-tools\ac6\bin\..\lib\armlib\mc_w.l(handlers.o)
    0x0800bc94   0x00000018   Code   RO         7583    i._fflush$full      c:\Users\meena\AppData\Local\Mbed Studio\mbed-studio-tools\ac6\bin\..\lib\armlib\mc_w.l(fflush_f.o)
    0x0800bcac   0x00000184   Code   RO         7869    i._fp_digits        c:\Users\meena\AppData\Local\Mbed Studio\mbed-studio-tools\ac6\bin\..\lib\armlib\mc_w.l(printfa.o)
    0x0800be30   0x000006dc   Code   RO         7870    i._printf_core      c:\Users\meena\AppData\Local\Mbed Studio\mbed-studio-tools\ac6\bin\..\lib\armlib\mc_w.l(printfa.o)
    0x0800c50c   0x00000024   Code   RO         7871    i._printf_post_padding  c:\Users\meena\AppData\Local\Mbed Studio\mbed-studio-tools\ac6\bin\..\lib\armlib\mc_w.l(printfa.o)
    0x0800c530   0x0000002e   Code   RO         7872    i._printf_pre_padding  c:\Users\meena\AppData\Local\Mbed Studio\mbed-studio-tools\ac6\bin\..\lib\armlib\mc_w.l(printfa.o)
    0x0800c55e   0x00000016   Code   RO         7873    i._snputc           c:\Users\meena\AppData\Local\Mbed Studio\mbed-studio-tools\ac6\bin\..\lib\armlib\mc_w.l(printfa.o)
    0x0800c574   0x0000000a   Code   RO         7874    i._sputc            c:\Users\meena\AppData\Local\Mbed Studio\mbed-studio-tools\ac6\bin\..\lib\armlib\mc_w.l(printfa.o)
    0x0800c57e   0x00000002   PAD
    0x0800c580   0x00000000   Data   RO         3262    .rodata             BUILD/NUCLEO_F103RB/ARMC6/mbed-os/platform/source/mbed_sdk_boot.o
    0x0800c580   0x00000078   Data   RO         7515    .rodata..Lstr.43    BUILD/NUCLEO_F103RB/ARMC6/wifi.o
    0x0800c5f8   0x00000010   Data   RO         6463    .rodata.AHBPrescTable  BUILD/NUCLEO_F103RB/ARMC6/mbed-os/targets/TARGET_STM/TARGET_STM32F1/STM32Cube_FW/system_stm32f1xx.o
    0x0800c608   0x00000008   Data   RO         6464    .rodata.APBPrescTable  BUILD/NUCLEO_F103RB/ARMC6/mbed-os/targets/TARGET_STM/TARGET_STM32F1/STM32Cube_FW/system_stm32f1xx.o
    0x0800c610   0x000000b4   Data   RO         6473    .rodata.PinMap_ADC  BUILD/NUCLEO_F103RB/ARMC6/mbed-os/targets/TARGET_STM/TARGET_STM32F1/TARGET_STM32F103xB/TARGET_NUCLEO_F103RB/PeripheralPins.o
    0x0800c6c4   0x00000024   Data   RO         6474    .rodata.PinMap_ADC_Internal  BUILD/NUCLEO_F103RB/ARMC6/mbed-os/targets/TARGET_STM/TARGET_STM32F1/TARGET_STM32F103xB/TARGET_NUCLEO_F103RB/PeripheralPins.o
    0x0800c6e8   0x00000120   Data   RO         6477    .rodata.PinMap_PWM  BUILD/NUCLEO_F103RB/ARMC6/mbed-os/targets/TARGET_STM/TARGET_STM32F1/TARGET_STM32F103xB/TARGET_NUCLEO_F103RB/PeripheralPins.o
    0x0800c808   0x00000030   Data   RO         6483    .rodata.PinMap_SPI_MISO  BUILD/NUCLEO_F103RB/ARMC6/mbed-os/targets/TARGET_STM/TARGET_STM32F1/TARGET_STM32F103xB/TARGET_NUCLEO_F103RB/PeripheralPins.o
    0x0800c838   0x00000030   Data   RO         6482    .rodata.PinMap_SPI_MOSI  BUILD/NUCLEO_F103RB/ARMC6/mbed-os/targets/TARGET_STM/TARGET_STM32F1/TARGET_STM32F103xB/TARGET_NUCLEO_F103RB/PeripheralPins.o
    0x0800c868   0x00000030   Data   RO         6484    .rodata.PinMap_SPI_SCLK  BUILD/NUCLEO_F103RB/ARMC6/mbed-os/targets/TARGET_STM/TARGET_STM32F1/TARGET_STM32F103xB/TARGET_NUCLEO_F103RB/PeripheralPins.o
    0x0800c898   0x00000030   Data   RO         6485    .rodata.PinMap_SPI_SSEL  BUILD/NUCLEO_F103RB/ARMC6/mbed-os/targets/TARGET_STM/TARGET_STM32F1/TARGET_STM32F103xB/TARGET_NUCLEO_F103RB/PeripheralPins.o
    0x0800c8c8   0x00000048   Data   RO         6479    .rodata.PinMap_UART_RX  BUILD/NUCLEO_F103RB/ARMC6/mbed-os/targets/TARGET_STM/TARGET_STM32F1/TARGET_STM32F103xB/TARGET_NUCLEO_F103RB/PeripheralPins.o
    0x0800c910   0x00000048   Data   RO         6478    .rodata.PinMap_UART_TX  BUILD/NUCLEO_F103RB/ARMC6/mbed-os/targets/TARGET_STM/TARGET_STM32F1/TARGET_STM32F103xB/TARGET_NUCLEO_F103RB/PeripheralPins.o
    0x0800c958   0x00000008   Data   RO          457    .rodata._ZL10CHAR_HUMID  BUILD/NUCLEO_F103RB/ARMC6/keypad_display.o
    0x0800c960   0x00000008   Data   RO          458    .rodata._ZL10CHAR_MOIST  BUILD/NUCLEO_F103RB/ARMC6/keypad_display.o
    0x0800c968   0x00000008   Data   RO          460    .rodata._ZL10CHAR_PEACE  BUILD/NUCLEO_F103RB/ARMC6/keypad_display.o
    0x0800c970   0x00000008   Data   RO          459    .rodata._ZL10CHAR_WATER  BUILD/NUCLEO_F103RB/ARMC6/keypad_display.o
    0x0800c978   0x00000008   Data   RO          461    .rodata._ZL11CHAR_SPIDER  BUILD/NUCLEO_F103RB/ARMC6/keypad_display.o
    0x0800c980   0x00000008   Data   RO          455    .rodata._ZL11CHAR_UNLOCK  BUILD/NUCLEO_F103RB/ARMC6/keypad_display.o
    0x0800c988   0x00000005   Data   RO          467    .rodata._ZL4PASS    BUILD/NUCLEO_F103RB/ARMC6/keypad_display.o
    0x0800c98d   0x00000008   Data   RO          454    .rodata._ZL9CHAR_LOCK  BUILD/NUCLEO_F103RB/ARMC6/keypad_display.o
    0x0800c995   0x00000008   Data   RO          456    .rodata._ZL9CHAR_TEMP  BUILD/NUCLEO_F103RB/ARMC6/keypad_display.o
    0x0800c99d   0x00000003   PAD
    0x0800c9a0   0x00000014   Data   RO          164    .rodata._ZTV7MFRC522  BUILD/NUCLEO_F103RB/ARMC6/Utilities/MFRC522.o
    0x0800c9b4   0x00000050   Data   RO         2378    .rodata._ZTVN4mbed10FileHandleE  BUILD/NUCLEO_F103RB/ARMC6/mbed-os/platform/source/FileHandle.o
    0x0800ca04   0x00000018   Data   RO         1579    .rodata._ZTVN4mbed10SerialBaseE  BUILD/NUCLEO_F103RB/ARMC6/mbed-os/drivers/source/SerialBase.o
    0x0800ca1c   0x0000000c   Data   RO         1632    .rodata._ZTVN4mbed10TickerBaseE  BUILD/NUCLEO_F103RB/ARMC6/mbed-os/drivers/source/Ticker.o
    0x0800ca28   0x0000000c   Data   RO         1741    .rodata._ZTVN4mbed10TimerEventE  BUILD/NUCLEO_F103RB/ARMC6/mbed-os/drivers/source/TimerEvent.o
    0x0800ca34   0x00000010   Data   RO         1178    .rodata._ZTVN4mbed11InterruptInE  BUILD/NUCLEO_F103RB/ARMC6/mbed-os/drivers/source/InterruptIn.o
    0x0800ca44   0x0000000c   Data   RO         1652    .rodata._ZTVN4mbed11TimeoutBaseE  BUILD/NUCLEO_F103RB/ARMC6/mbed-os/drivers/source/Timeout.o
    0x0800ca50   0x00000098   Data   RO          715    .rodata._ZTVN4mbed14BufferedSerialE  BUILD/NUCLEO_F103RB/ARMC6/mbed-os/drivers/source/BufferedSerial.o
    0x0800cae8   0x00000020   Data   RO         1425    .rodata._ZTVN4mbed3SPIE  BUILD/NUCLEO_F103RB/ARMC6/mbed-os/drivers/source/SPI.o
    0x0800cb08   0x00000018   Data   RO          820    .rodata._ZTVN4mbed5BusInE  BUILD/NUCLEO_F103RB/ARMC6/mbed-os/drivers/source/BusIn.o
    0x0800cb20   0x0000000c   Data   RO         1644    .rodata._ZTVN4mbed6TickerE  BUILD/NUCLEO_F103RB/ARMC6/mbed-os/drivers/source/Ticker.o
    0x0800cb2c   0x0000000c   Data   RO         1662    .rodata._ZTVN4mbed7TimeoutE  BUILD/NUCLEO_F103RB/ARMC6/mbed-os/drivers/source/Timeout.o
    0x0800cb38   0x00000018   Data   RO          624    .rodata._ZTVN4mbed8AnalogInE  BUILD/NUCLEO_F103RB/ARMC6/mbed-os/drivers/source/AnalogIn.o
    0x0800cb50   0x0000000c   Data   RO         2650    .rodata._ZTVN4mbed8internal8SysTimerINSt3__25ratioILx1ELx1000EEELb1EEE  BUILD/NUCLEO_F103RB/ARMC6/mbed-os/platform/source/SysTimer.o
    0x0800cb5c   0x00000018   Data   RO         3181    .rodata._ZZL14do_serial_initvE14console_pinmap  BUILD/NUCLEO_F103RB/ARMC6/mbed-os/platform/source/mbed_retarget.o
    0x0800cb74   0x0000000c   PAD
    0x0800cb80   0x0000000a   Data   RO         3315    .rodata.delay_loop_code  BUILD/NUCLEO_F103RB/ARMC6/mbed-os/platform/source/mbed_wait_api_no_rtos.o
    0x0800cb8a   0x00000002   PAD
    0x0800cb8c   0x00000040   Data   RO         6957    .rodata.ll_pin_defines  BUILD/NUCLEO_F103RB/ARMC6/mbed-os/targets/TARGET_STM/pinmap.o
    0x0800cbcc   0x000000c0   Data   RO         6555    .rodata.pin_lines_desc  BUILD/NUCLEO_F103RB/ARMC6/mbed-os/targets/TARGET_STM/TARGET_STM32F1/gpio_irq_device.o
    0x0800cc8c   0x00000028   Data   RO         6561    .rodata.pwm_apb_map_table  BUILD/NUCLEO_F103RB/ARMC6/mbed-os/targets/TARGET_STM/TARGET_STM32F1/pwmout_device.o
    0x0800ccb4   0x0000000b   Data   RO          312    .rodata.str1.1      BUILD/NUCLEO_F103RB/ARMC6/door_control.o
    0x0800ccbf   0x00000028   Data   RO          468    .rodata.str1.1      BUILD/NUCLEO_F103RB/ARMC6/keypad_display.o
    0x0800cce7   0x00000056   Data   RO         1426    .rodata.str1.1      BUILD/NUCLEO_F103RB/ARMC6/mbed-os/drivers/source/SPI.o
    0x0800cd3d   0x0000003b   Data   RO         1580    .rodata.str1.1      BUILD/NUCLEO_F103RB/ARMC6/mbed-os/drivers/source/SerialBase.o
    0x0800cd78   0x00000026   Data   RO         1828    .rodata.str1.1      BUILD/NUCLEO_F103RB/ARMC6/mbed-os/drivers/source/Watchdog.o
    0x0800cd9e   0x0000004e   Data   RO         2500    .rodata.str1.1      BUILD/NUCLEO_F103RB/ARMC6/mbed-os/platform/source/SysTimer.o
    0x0800cdec   0x000000e0   Data   RO         2662    .rodata.str1.1      BUILD/NUCLEO_F103RB/ARMC6/mbed-os/platform/source/TARGET_CORTEX_M/mbed_fault_handler.o
    0x0800cecc   0x000000f2   Data   RO         2895    .rodata.str1.1      BUILD/NUCLEO_F103RB/ARMC6/mbed-os/platform/source/mbed_error.o
    0x0800cfbe   0x000000b0   Data   RO         3176    .rodata.str1.1      BUILD/NUCLEO_F103RB/ARMC6/mbed-os/platform/source/mbed_retarget.o
    0x0800d06e   0x0000003e   Data   RO         6519    .rodata.str1.1      BUILD/NUCLEO_F103RB/ARMC6/mbed-os/targets/TARGET_STM/TARGET_STM32F1/analogin_device.o
    0x0800d0ac   0x00000041   Data   RO         7019    .rodata.str1.1      BUILD/NUCLEO_F103RB/ARMC6/mbed-os/targets/TARGET_STM/pwmout_api.o
    0x0800d0ed   0x0000002a   Data   RO         7101    .rodata.str1.1      BUILD/NUCLEO_F103RB/ARMC6/mbed-os/targets/TARGET_STM/serial_api.o
    0x0800d117   0x00000039   Data   RO         7255    .rodata.str1.1      BUILD/NUCLEO_F103RB/ARMC6/mbed-os/targets/TARGET_STM/stm_spi_api.o
    0x0800d150   0x00000180   Data   RO         7508    .rodata.str1.1      BUILD/NUCLEO_F103RB/ARMC6/wifi.o
    0x0800d2d0   0x00000008   Data   RO         2121    .rodata.us_data     BUILD/NUCLEO_F103RB/ARMC6/mbed-os/hal/source/mbed_us_ticker_api.o
    0x0800d2d8   0x00000024   Data   RO         2123    .rodata.us_interface  BUILD/NUCLEO_F103RB/ARMC6/mbed-os/hal/source/mbed_us_ticker_api.o
    0x0800d2fc   0x00000008   Data   RO         7295    .rodata.us_ticker_get_info.info  BUILD/NUCLEO_F103RB/ARMC6/mbed-os/targets/TARGET_STM/us_ticker.o
    0x0800d304   0x00000020   Data   RO         8074    Region$$Table       anon$$obj.o
    0x0800d324   0x00000004   Data   RO          196    .init_array         BUILD/NUCLEO_F103RB/ARMC6/Utilities/keypad_utilities.o
    0x0800d328   0x00000004   Data   RO          239    .init_array         BUILD/NUCLEO_F103RB/ARMC6/Utilities/lcd_utilities.o
    0x0800d32c   0x00000004   Data   RO          269    .init_array         BUILD/NUCLEO_F103RB/ARMC6/Utilities/music_utilities.o
    0x0800d330   0x00000004   Data   RO          313    .init_array         BUILD/NUCLEO_F103RB/ARMC6/door_control.o
    0x0800d334   0x00000004   Data   RO          338    .init_array         BUILD/NUCLEO_F103RB/ARMC6/environment.o
    0x0800d338   0x00000004   Data   RO          375    .init_array         BUILD/NUCLEO_F103RB/ARMC6/keypad.o
    0x0800d33c   0x00000004   Data   RO          470    .init_array         BUILD/NUCLEO_F103RB/ARMC6/keypad_display.o
    0x0800d340   0x00000004   Data   RO          531    .init_array         BUILD/NUCLEO_F103RB/ARMC6/ldr_fan_control.o
    0x0800d344   0x00000004   Data   RO          565    .init_array         BUILD/NUCLEO_F103RB/ARMC6/main.o
    0x0800d348   0x00000004   Data   RO         7413    .init_array         BUILD/NUCLEO_F103RB/ARMC6/moistre_control.o
    0x0800d34c   0x00000004   Data   RO         7446    .init_array         BUILD/NUCLEO_F103RB/ARMC6/rfid_admin.o
    0x0800d350   0x00000004   Data   RO         7514    .init_array         BUILD/NUCLEO_F103RB/ARMC6/wifi.o
    0x0800d354   0x00000000   Data   RO         7932    .init_array         c:\Users\meena\AppData\Local\Mbed Studio\mbed-studio-tools\ac6\bin\..\lib\armlib\mc_w.l(cpp_init.o)


    Execution Region RW_IRAM1 (Base: 0x200000f0, Size: 0x00001e94, Max: 0xffffffff, ABSOLUTE)

    Base Addr    Size         Type   Attr      Idx    E Section Name        Object

    0x200000f0   0x00000004   Data   RW         7921    .data               c:\Users\meena\AppData\Local\Mbed Studio\mbed-studio-tools\ac6\bin\..\lib\armlib\mc_w.l(errno.o)
    0x200000f4   0x00000004   Data   RW         8019    .data               c:\Users\meena\AppData\Local\Mbed Studio\mbed-studio-tools\ac6\bin\..\lib\armlib\mc_w.l(mvars.o)
    0x200000f8   0x00000004   Data   RW         8020    .data               c:\Users\meena\AppData\Local\Mbed Studio\mbed-studio-tools\ac6\bin\..\lib\armlib\mc_w.l(mvars.o)
    0x200000fc   0x00000004   Data   RW         6462    .data.SystemCoreClock  BUILD/NUCLEO_F103RB/ARMC6/mbed-os/targets/TARGET_STM/TARGET_STM32F1/STM32Cube_FW/system_stm32f1xx.o
    0x20000100   0x00000004   Data   RW         7406    .data._ZL17s_moisture_ao_raw  BUILD/NUCLEO_F103RB/ARMC6/moistre_control.o
    0x20000104   0x00000004   Data   RW         7407    .data._ZL18s_moisture_percent  BUILD/NUCLEO_F103RB/ARMC6/moistre_control.o
    0x20000108   0x00000004   Data   RW         7405    .data._ZL19s_moisture_do_state  BUILD/NUCLEO_F103RB/ARMC6/moistre_control.o
    0x2000010c   0x00000004   Data   RW         7403    .data._ZL23session_last_trigger_ms  BUILD/NUCLEO_F103RB/ARMC6/moistre_control.o
    0x20000110   0x00000009   Data   RW         7445    .data._ZL6tagUID    BUILD/NUCLEO_F103RB/ARMC6/rfid_admin.o
    0x20000119   0x00000003   PAD
    0x2000011c   0x0000000c   Data   RW         7440    .data.admin_door    BUILD/NUCLEO_F103RB/ARMC6/rfid_admin.o
    0x20000128   0x00000006   Data   RW          310    .data.door_owner    BUILD/NUCLEO_F103RB/ARMC6/door_control.o
    0x2000012e   0x00000006   Data   RW          309    .data.door_status   BUILD/NUCLEO_F103RB/ARMC6/door_control.o
    0x20000134   0x00000004   Data   RW          335    .data.g_humidity_pct  BUILD/NUCLEO_F103RB/ARMC6/environment.o
    0x20000138   0x00000004   Data   RW          334    .data.g_temperature_c  BUILD/NUCLEO_F103RB/ARMC6/environment.o
    0x2000013c   0x00000004   Data   RW         2122    .data.irq_handler   BUILD/NUCLEO_F103RB/ARMC6/mbed-os/hal/source/mbed_us_ticker_api.o
    0x20000140   0x00000004   Data   RW         4138    .data.uwTickPrio    BUILD/NUCLEO_F103RB/ARMC6/mbed-os/targets/TARGET_STM/TARGET_STM32F1/STM32Cube_FW/STM32F1xx_HAL_Driver/stm32f1xx_hal.o
    0x20000144   0x00000014   Zero   RW         7601    .bss                c:\Users\meena\AppData\Local\Mbed Studio\mbed-studio-tools\ac6\bin\..\lib\armlib\mc_w.l(stdout_f.o)
    0x20000158   0x00000014   Zero   RW         7602    .bss                c:\Users\meena\AppData\Local\Mbed Studio\mbed-studio-tools\ac6\bin\..\lib\armlib\mc_w.l(stderr_f.o)
    0x2000016c   0x0000000c   Zero   RW         7320    .bss.IwdgHandle     BUILD/NUCLEO_F103RB/ARMC6/mbed-os/targets/TARGET_STM/watchdog_api.o
    0x20000178   0x0000001c   Zero   RW          195    .bss.Keypad_DA      BUILD/NUCLEO_F103RB/ARMC6/Utilities/keypad_utilities.o
    0x20000194   0x0000004c   Zero   RW          194    .bss.Keypad_Data    BUILD/NUCLEO_F103RB/ARMC6/Utilities/keypad_utilities.o
    0x200001e0   0x0000001c   Zero   RW          237    .bss.LCD_EN         BUILD/NUCLEO_F103RB/ARMC6/Utilities/lcd_utilities.o
    0x200001fc   0x0000001c   Zero   RW          236    .bss.LCD_RS         BUILD/NUCLEO_F103RB/ARMC6/Utilities/lcd_utilities.o
    0x20000218   0x0000001c   Zero   RW          238    .bss.LCD_WR         BUILD/NUCLEO_F103RB/ARMC6/Utilities/lcd_utilities.o
    0x20000234   0x00000048   Zero   RW         7018    .bss.TimHandle      BUILD/NUCLEO_F103RB/ARMC6/mbed-os/targets/TARGET_STM/pwmout_api.o
    0x2000027c   0x00000048   Zero   RW         7296    .bss.TimMasterHandle  BUILD/NUCLEO_F103RB/ARMC6/mbed-os/targets/TARGET_STM/us_ticker.o
    0x200002c4   0x00000004   Zero   RW          577    .bss._ZGVZN4mbed8Watchdog12get_instanceEvE8instance  BUILD/NUCLEO_F103RB/ARMC6/main.o
    0x200002c8   0x00000050   Zero   RW          523    .bss._ZL10btn_resume  BUILD/NUCLEO_F103RB/ARMC6/ldr_fan_control.o
    0x20000318   0x00000001   Zero   RW          311    .bss._ZL10door_state  BUILD/NUCLEO_F103RB/ARMC6/door_control.o
    0x20000319   0x00000007   PAD
    0x20000320   0x00000018   Zero   RW         7396    .bss._ZL10echo_timer  BUILD/NUCLEO_F103RB/ARMC6/moistre_control.o
    0x20000338   0x00000004   Zero   RW         7511    .bss._ZL10g_expect_a  BUILD/NUCLEO_F103RB/ARMC6/wifi.o
    0x2000033c   0x00000004   Zero   RW         7512    .bss._ZL10g_expect_b  BUILD/NUCLEO_F103RB/ARMC6/wifi.o
    0x20000340   0x000001a4   Zero   RW         7510    .bss._ZL10g_http_req  BUILD/NUCLEO_F103RB/ARMC6/wifi.o
    0x200004e4   0x00000001   Zero   RW         7443    .bss._ZL10rfid_event  BUILD/NUCLEO_F103RB/ARMC6/rfid_admin.o
    0x200004e5   0x00000001   Zero   RW         7409    .bss._ZL10wave_state  BUILD/NUCLEO_F103RB/ARMC6/moistre_control.o
    0x200004e6   0x00000001   Zero   RW          373    .bss._ZL11deb_started  BUILD/NUCLEO_F103RB/ARMC6/keypad.o
    0x200004e7   0x00000001   PAD
    0x200004e8   0x0000003c   Zero   RW         7391    .bss._ZL11moisture_ao  BUILD/NUCLEO_F103RB/ARMC6/moistre_control.o
    0x20000524   0x0000001c   Zero   RW         7392    .bss._ZL11moisture_do  BUILD/NUCLEO_F103RB/ARMC6/moistre_control.o
    0x20000540   0x00000018   Zero   RW          452    .bss._ZL11stats_timer  BUILD/NUCLEO_F103RB/ARMC6/keypad_display.o
    0x20000558   0x00000040   Zero   RW         7397    .bss._ZL11trig_ticker  BUILD/NUCLEO_F103RB/ARMC6/moistre_control.o
    0x20000598   0x00000001   Zero   RW         7497    .bss._ZL12g_cmd_active  BUILD/NUCLEO_F103RB/ARMC6/wifi.o
    0x20000599   0x00000003   PAD
    0x2000059c   0x00000078   Zero   RW         7505    .bss._ZL12g_notify_msg  BUILD/NUCLEO_F103RB/ARMC6/wifi.o
    0x20000614   0x00000001   Zero   RW         7504    .bss._ZL12g_plant_type  BUILD/NUCLEO_F103RB/ARMC6/wifi.o
    0x20000615   0x00000001   Zero   RW          529    .bss._ZL12s_stop_event  BUILD/NUCLEO_F103RB/ARMC6/ldr_fan_control.o
    0x20000616   0x00000002   PAD
    0x20000618   0x00000018   Zero   RW          337    .bss._ZL12sample_timer  BUILD/NUCLEO_F103RB/ARMC6/environment.o
    0x20000630   0x00000018   Zero   RW          450    .bss._ZL13ui_inactivity  BUILD/NUCLEO_F103RB/ARMC6/keypad_display.o
    0x20000648   0x00000018   Zero   RW         7439    .bss._ZL14admin_cooldown  BUILD/NUCLEO_F103RB/ARMC6/rfid_admin.o
    0x20000660   0x00000001   Zero   RW         7442    .bss._ZL14is_admin_using  BUILD/NUCLEO_F103RB/ARMC6/rfid_admin.o
    0x20000661   0x00000001   Zero   RW          530    .bss._ZL14s_resume_event  BUILD/NUCLEO_F103RB/ARMC6/ldr_fan_control.o
    0x20000662   0x00000001   Zero   RW         7402    .bss._ZL14session_active  BUILD/NUCLEO_F103RB/ARMC6/moistre_control.o
    0x20000663   0x00000003   Zero   RW         3174    .bss._ZL14stdio_out_prev  BUILD/NUCLEO_F103RB/ARMC6/mbed-os/platform/source/mbed_retarget.o
    0x20000666   0x00000002   PAD
    0x20000668   0x00000018   Zero   RW          453    .bss._ZL15door_inactivity  BUILD/NUCLEO_F103RB/ARMC6/keypad_display.o
    0x20000680   0x00000018   Zero   RW          524    .bss._ZL15stop_debounce_t  BUILD/NUCLEO_F103RB/ARMC6/ldr_fan_control.o
    0x20000698   0x00000004   Zero   RW         7503    .bss._ZL16g_next_action_ms  BUILD/NUCLEO_F103RB/ARMC6/wifi.o
    0x2000069c   0x00000001   Zero   RW         7499    .bss._ZL16g_notify_pending  BUILD/NUCLEO_F103RB/ARMC6/wifi.o
    0x2000069d   0x00000003   PAD
    0x200006a0   0x00000040   Zero   RW         7398    .bss._ZL16pump_off_timeout  BUILD/NUCLEO_F103RB/ARMC6/moistre_control.o
    0x200006e0   0x00000001   Zero   RW          462    .bss._ZL16user_opened_door  BUILD/NUCLEO_F103RB/ARMC6/keypad_display.o
    0x200006e1   0x00000003   PAD
    0x200006e4   0x00000004   Zero   RW         7404    .bss._ZL17cooldown_until_ms  BUILD/NUCLEO_F103RB/ARMC6/moistre_control.o
    0x200006e8   0x00000004   Zero   RW         7513    .bss._ZL17g_cmd_deadline_ms  BUILD/NUCLEO_F103RB/ARMC6/wifi.o
    0x200006ec   0x00000001   Zero   RW         7500    .bss._ZL17g_notify_inflight  BUILD/NUCLEO_F103RB/ARMC6/wifi.o
    0x200006ed   0x00000003   PAD
    0x200006f0   0x00000018   Zero   RW          525    .bss._ZL17resume_debounce_t  BUILD/NUCLEO_F103RB/ARMC6/ldr_fan_control.o
    0x20000708   0x00000018   Zero   RW         7400    .bss._ZL17second_wave_timer  BUILD/NUCLEO_F103RB/ARMC6/moistre_control.o
    0x20000720   0x00000018   Zero   RW          451    .bss._ZL18admin_closed_timer  BUILD/NUCLEO_F103RB/ARMC6/keypad_display.o
    0x20000738   0x00000001   Zero   RW          463    .bss._ZL18door_timer_running  BUILD/NUCLEO_F103RB/ARMC6/keypad_display.o
    0x20000739   0x00000003   PAD
    0x2000073c   0x00000001   Zero   RW         7501    .bss._ZL19g_last_notified_day  BUILD/NUCLEO_F103RB/ARMC6/wifi.o
    0x2000073d   0x00000003   PAD
    0x20000740   0x00000004   Zero   RW         7498    .bss._ZL20g_next_tg_attempt_ms  BUILD/NUCLEO_F103RB/ARMC6/wifi.o
    0x20000744   0x00000004   Zero   RW         7408    .bss._ZL20s_pending_day_update  BUILD/NUCLEO_F103RB/ARMC6/moistre_control.o
    0x20000748   0x0000001c   Zero   RW          367    .bss._ZL2kA         BUILD/NUCLEO_F103RB/ARMC6/keypad.o
    0x20000764   0x0000001c   Zero   RW          368    .bss._ZL2kB         BUILD/NUCLEO_F103RB/ARMC6/keypad.o
    0x20000780   0x0000001c   Zero   RW          369    .bss._ZL2kC         BUILD/NUCLEO_F103RB/ARMC6/keypad.o
    0x2000079c   0x0000001c   Zero   RW          370    .bss._ZL2kD         BUILD/NUCLEO_F103RB/ARMC6/keypad.o
    0x200007b8   0x0000031c   Zero   RW          564    .bss._ZL2pc         BUILD/NUCLEO_F103RB/ARMC6/main.o
    0x20000ad4   0x00000004   PAD
    0x20000ad8   0x00000018   Zero   RW          372    .bss._ZL3deb        BUILD/NUCLEO_F103RB/ARMC6/keypad.o
    0x20000af0   0x0000031c   Zero   RW         7495    .bss._ZL3esp        BUILD/NUCLEO_F103RB/ARMC6/wifi.o
    0x20000e0c   0x0000001c   Zero   RW          371    .bss._ZL3kDA        BUILD/NUCLEO_F103RB/ARMC6/keypad.o
    0x20000e28   0x00000050   Zero   RW         7394    .bss._ZL4echo       BUILD/NUCLEO_F103RB/ARMC6/moistre_control.o
    0x20000e78   0x00000708   Zero   RW         7507    .bss._ZL4g_rx       BUILD/NUCLEO_F103RB/ARMC6/wifi.o
    0x20001580   0x0000001c   Zero   RW         7395    .bss._ZL4pump       BUILD/NUCLEO_F103RB/ARMC6/moistre_control.o
    0x2000159c   0x0000001c   Zero   RW         7393    .bss._ZL4trig       BUILD/NUCLEO_F103RB/ARMC6/moistre_control.o
    0x200015b8   0x00000020   Zero   RW          336    .bss._ZL5dht11      BUILD/NUCLEO_F103RB/ARMC6/environment.o
    0x200015d8   0x00000018   Zero   RW          527    .bss._ZL5log_t      BUILD/NUCLEO_F103RB/ARMC6/ldr_fan_control.o
    0x200015f0   0x0000001c   Zero   RW          519    .bss._ZL5motor      BUILD/NUCLEO_F103RB/ARMC6/ldr_fan_control.o
    0x2000160c   0x00000024   Zero   RW          308    .bss._ZL5servo      BUILD/NUCLEO_F103RB/ARMC6/door_control.o
    0x20001630   0x00000001   Zero   RW          464    .bss._ZL5state      BUILD/NUCLEO_F103RB/ARMC6/keypad_display.o
    0x20001631   0x00000009   Zero   RW         7444    .bss._ZL5tagID      BUILD/NUCLEO_F103RB/ARMC6/rfid_admin.o
    0x2000163a   0x00000001   Zero   RW         7502    .bss._ZL6g_step     BUILD/NUCLEO_F103RB/ARMC6/wifi.o
    0x2000163b   0x00000001   PAD
    0x2000163c   0x0000003c   Zero   RW          518    .bss._ZL6ldr_ao     BUILD/NUCLEO_F103RB/ARMC6/ldr_fan_control.o
    0x20001678   0x0000001c   Zero   RW          517    .bss._ZL6ldr_do     BUILD/NUCLEO_F103RB/ARMC6/ldr_fan_control.o
    0x20001694   0x00000005   Zero   RW          466    .bss._ZL6pinBuf     BUILD/NUCLEO_F103RB/ARMC6/keypad_display.o
    0x20001699   0x00000003   PAD
    0x2000169c   0x00000004   Zero   RW          465    .bss._ZL6pinPos     BUILD/NUCLEO_F103RB/ARMC6/keypad_display.o
    0x200016a0   0x00000001   Zero   RW          528    .bss._ZL6s_mode     BUILD/NUCLEO_F103RB/ARMC6/ldr_fan_control.o
    0x200016a1   0x00000007   PAD
    0x200016a8   0x00000018   Zero   RW         7496    .bss._ZL7g_clock    BUILD/NUCLEO_F103RB/ARMC6/wifi.o
    0x200016c0   0x00000001   Zero   RW          374    .bss._ZL7last_da    BUILD/NUCLEO_F103RB/ARMC6/keypad.o
    0x200016c1   0x00000003   PAD
    0x200016c4   0x00000014   Zero   RW         7438    .bss._ZL7mfrc522    BUILD/NUCLEO_F103RB/ARMC6/rfid_admin.o
    0x200016d8   0x00000050   Zero   RW          522    .bss._ZL8btn_stop   BUILD/NUCLEO_F103RB/ARMC6/ldr_fan_control.o
    0x20001728   0x00000004   Zero   RW         7506    .bss._ZL8g_rx_len   BUILD/NUCLEO_F103RB/ARMC6/wifi.o
    0x2000172c   0x0000001c   Zero   RW          521    .bss._ZL8led_auto   BUILD/NUCLEO_F103RB/ARMC6/ldr_fan_control.o
    0x20001748   0x0000001c   Zero   RW          520    .bss._ZL8led_stop   BUILD/NUCLEO_F103RB/ARMC6/ldr_fan_control.o
    0x20001764   0x00000004   Zero   RW         7411    .bss._ZL8pulse_us   BUILD/NUCLEO_F103RB/ARMC6/moistre_control.o
    0x20001768   0x00000018   Zero   RW          526    .bss._ZL8sample_t   BUILD/NUCLEO_F103RB/ARMC6/ldr_fan_control.o
    0x20001780   0x000000c0   Zero   RW         7509    .bss._ZL9g_cmd_buf  BUILD/NUCLEO_F103RB/ARMC6/wifi.o
    0x20001840   0x00000001   Zero   RW         7410    .bss._ZL9got_pulse  BUILD/NUCLEO_F103RB/ARMC6/moistre_control.o
    0x20001841   0x00000007   PAD
    0x20001848   0x00000018   Zero   RW         7399    .bss._ZL9sys_timer  BUILD/NUCLEO_F103RB/ARMC6/moistre_control.o
    0x20001860   0x00000004   Zero   RW         7412    .bss._ZL9t_rise_us  BUILD/NUCLEO_F103RB/ARMC6/moistre_control.o
    0x20001864   0x00000004   Zero   RW         2286    .bss._ZN10CThunkBase17_cthunk_free_realE  BUILD/NUCLEO_F103RB/ARMC6/mbed-os/platform/source/CThunkBase.o
    0x20001868   0x00000210   Zero   RW         1423    .bss._ZN4mbed3SPI12_peripheralsE  BUILD/NUCLEO_F103RB/ARMC6/mbed-os/drivers/source/SPI.o
    0x20001a78   0x00000004   Zero   RW         1424    .bss._ZN4mbed3SPI17_peripherals_usedE  BUILD/NUCLEO_F103RB/ARMC6/mbed-os/drivers/source/SPI.o
    0x20001a7c   0x00000008   Zero   RW          594    .bss._ZN4mbed8AnalogIn6_mutexE  BUILD/NUCLEO_F103RB/ARMC6/mbed-os/drivers/source/AnalogIn.o
    0x20001a84   0x00000004   PAD
    0x20001a88   0x00000048   Zero   RW         2972    .bss._ZN4mbed8internal12_GLOBAL__N_113os_timer_dataE  BUILD/NUCLEO_F103RB/ARMC6/mbed-os/platform/source/mbed_os_timer.o
    0x20001ad0   0x00000004   Zero   RW         2971    .bss._ZN4mbed8internal8os_timerE  BUILD/NUCLEO_F103RB/ARMC6/mbed-os/platform/source/mbed_os_timer.o
    0x20001ad4   0x00000004   Zero   RW         3180    .bss._ZZL19do_serial_init_oncevE4once  BUILD/NUCLEO_F103RB/ARMC6/mbed-os/platform/source/mbed_retarget.o
    0x20001ad8   0x00000001   Zero   RW          576    .bss._ZZN4mbed8Watchdog12get_instanceEvE8instance  BUILD/NUCLEO_F103RB/ARMC6/main.o
    0x20001ad9   0x00000003   PAD
    0x20001adc   0x0000001c   Zero   RW          268    .bss.buzzerMusic    BUILD/NUCLEO_F103RB/ARMC6/Utilities/music_utilities.o
    0x20001af8   0x00000004   Zero   RW         6713    .bss.can_irq_contexts  BUILD/NUCLEO_F103RB/ARMC6/mbed-os/targets/TARGET_STM/can_api.o
    0x20001afc   0x00000214   Zero   RW         6794    .bss.channels       BUILD/NUCLEO_F103RB/ARMC6/mbed-os/targets/TARGET_STM/gpio_irq_api.o
    0x20001d10   0x00000001   Zero   RW         1945    .bss.critical_interrupts_enabled  BUILD/NUCLEO_F103RB/ARMC6/mbed-os/hal/source/mbed_critical_section_api.o
    0x20001d11   0x00000003   PAD
    0x20001d14   0x00000004   Zero   RW         2836    .bss.critical_section_reentrancy_counter  BUILD/NUCLEO_F103RB/ARMC6/mbed-os/platform/source/mbed_critical.o
    0x20001d18   0x00000002   Zero   RW         3037    .bss.deep_sleep_lock  BUILD/NUCLEO_F103RB/ARMC6/mbed-os/platform/source/mbed_power_mgmt.o
    0x20001d1a   0x00000002   PAD
    0x20001d1c   0x00000004   Zero   RW         2892    .bss.error_count    BUILD/NUCLEO_F103RB/ARMC6/mbed-os/platform/source/mbed_error.o
    0x20001d20   0x00000004   Zero   RW         2893    .bss.error_hook     BUILD/NUCLEO_F103RB/ARMC6/mbed-os/platform/source/mbed_error.o
    0x20001d24   0x00000004   PAD
    0x20001d28   0x00000038   Zero   RW         2124    .bss.events         BUILD/NUCLEO_F103RB/ARMC6/mbed-os/hal/source/mbed_us_ticker_api.o
    0x20001d60   0x00000034   Zero   RW         2891    .bss.first_error_ctx  BUILD/NUCLEO_F103RB/ARMC6/mbed-os/platform/source/mbed_error.o
    0x20001d94   0x00000004   Zero   RW         7401    .bss.g_day_count    BUILD/NUCLEO_F103RB/ARMC6/moistre_control.o
    0x20001d98   0x00000001   Zero   RW         2894    .bss.halt_in_progress  BUILD/NUCLEO_F103RB/ARMC6/mbed-os/platform/source/mbed_error.o
    0x20001d99   0x00000001   PAD
    0x20001d9a   0x00000002   Zero   RW         6793    .bss.irq_channel_used  BUILD/NUCLEO_F103RB/ARMC6/mbed-os/targets/TARGET_STM/gpio_irq_api.o
    0x20001d9c   0x00000004   Zero   RW         6624    .bss.irq_handler    BUILD/NUCLEO_F103RB/ARMC6/mbed-os/targets/TARGET_STM/TARGET_STM32F1/serial_device.o
    0x20001da0   0x00000004   Zero   RW         6712    .bss.irq_handler    BUILD/NUCLEO_F103RB/ARMC6/mbed-os/targets/TARGET_STM/can_api.o
    0x20001da4   0x00000004   Zero   RW         6795    .bss.irq_handler    BUILD/NUCLEO_F103RB/ARMC6/mbed-os/targets/TARGET_STM/gpio_irq_api.o
    0x20001da8   0x00000034   Zero   RW         2890    .bss.last_error_ctx  BUILD/NUCLEO_F103RB/ARMC6/mbed-os/platform/source/mbed_error.o
    0x20001ddc   0x00000014   Zero   RW          235    .bss.lcdPort        BUILD/NUCLEO_F103RB/ARMC6/Utilities/lcd_utilities.o
    0x20001df0   0x00000001   Zero   RW         2889    .bss.mbed_error_in_progress  BUILD/NUCLEO_F103RB/ARMC6/mbed-os/platform/source/mbed_error.o
    0x20001df1   0x00000003   PAD
    0x20001df4   0x00000054   Zero   RW         2663    .bss.mbed_fault_context  BUILD/NUCLEO_F103RB/ARMC6/mbed-os/platform/source/TARGET_CORTEX_M/mbed_fault_handler.o
    0x20001e48   0x00000004   Zero   RW         3171    .bss.mbed_heap_size  BUILD/NUCLEO_F103RB/ARMC6/mbed-os/platform/source/mbed_retarget.o
    0x20001e4c   0x00000004   Zero   RW         3170    .bss.mbed_heap_start  BUILD/NUCLEO_F103RB/ARMC6/mbed-os/platform/source/mbed_retarget.o
    0x20001e50   0x00000004   Zero   RW         6928    .bss.mbed_sdk_inited  BUILD/NUCLEO_F103RB/ARMC6/mbed-os/targets/TARGET_STM/mbed_overrides.o
    0x20001e54   0x00000004   Zero   RW         3261    .bss.mbed_stack_isr_size  BUILD/NUCLEO_F103RB/ARMC6/mbed-os/platform/source/mbed_sdk_boot.o
    0x20001e58   0x00000004   Zero   RW         3260    .bss.mbed_stack_isr_start  BUILD/NUCLEO_F103RB/ARMC6/mbed-os/platform/source/mbed_sdk_boot.o
    0x20001e5c   0x00000002   Zero   RW         6813    .bss.prev_tick_remainder  BUILD/NUCLEO_F103RB/ARMC6/mbed-os/targets/TARGET_STM/hal_tick_overrides.o
    0x20001e5e   0x00000002   Zero   RW         6812    .bss.prev_time      BUILD/NUCLEO_F103RB/ARMC6/mbed-os/targets/TARGET_STM/hal_tick_overrides.o
    0x20001e60   0x0000000c   Zero   RW         6623    .bss.serial_irq_ids  BUILD/NUCLEO_F103RB/ARMC6/mbed-os/targets/TARGET_STM/TARGET_STM32F1/serial_device.o
    0x20001e6c   0x00000001   Zero   RW         1944    .bss.state_saved    BUILD/NUCLEO_F103RB/ARMC6/mbed-os/hal/source/mbed_critical_section_api.o
    0x20001e6d   0x00000003   PAD
    0x20001e70   0x0000004c   Zero   RW         7102    .bss.stdio_uart     BUILD/NUCLEO_F103RB/ARMC6/mbed-os/targets/TARGET_STM/serial_api.o
    0x20001ebc   0x00000004   Zero   RW         7100    .bss.stdio_uart_inited  BUILD/NUCLEO_F103RB/ARMC6/mbed-os/targets/TARGET_STM/serial_api.o
    0x20001ec0   0x00000004   Zero   RW         6814    .bss.total_ticks    BUILD/NUCLEO_F103RB/ARMC6/mbed-os/targets/TARGET_STM/hal_tick_overrides.o
    0x20001ec4   0x000000c0   Zero   RW         6625    .bss.uart_handlers  BUILD/NUCLEO_F103RB/ARMC6/mbed-os/targets/TARGET_STM/TARGET_STM32F1/serial_device.o


    Execution Region ARM_LIB_HEAP (Base: 0x20001f90, Size: 0x00002070, Max: 0x00002070, ABSOLUTE)

    Base Addr    Size         Type   Attr      Idx    E Section Name        Object

    0x20001f90   0x00002070   Zero   RW            1    ARM_LIB_HEAP.bss    anon$$obj.o


    Execution Region ARM_LIB_STACK (Base: 0x20004000, Size: 0x00001000, Max: 0x00001000, ABSOLUTE)

    Base Addr    Size         Type   Attr      Idx    E Section Name        Object

    0x20004000   0x00001000   Zero   RW            2    ARM_LIB_STACK.bss   anon$$obj.o


==============================================================================

Image component sizes


      Code (inc. data)   RO Data    RW Data    ZI Data      Debug   

     44796       3354       3776         72      20104    1993398   Object Totals
         0          0         32          0      12400          0   (incl. Generated)
       556          0         17          3         78          0   (incl. Padding)
      5528        208          0         12         40       4352   Library Totals
         4          0          0          0          0          0   (incl. Padding)

==============================================================================


      Code (inc. data)   RO Data    RW Data    ZI Data      Debug   

     50324       3562       3776         84      20144    1993646   Grand Totals
     50324       3562       3776         84      20144    1993646   ELF Image Totals
     50324       3562       3776         84          0          0   ROM Totals

==============================================================================

    Total RO  Size (Code + RO Data)                54100 (  52.83kB)
    Total RW  Size (RW Data + ZI Data)             20228 (  19.75kB)
    Total ROM Size (Code + RO Data + RW Data)      54184 (  52.91kB)

==============================================================================

